Archive member included to satisfy reference by file (symbol)

/Users/jonaskelley/.platformio/packages/framework-arduinoasrmicro650x/cores/asr650x/projects/CubeCellLib.a(ASR_Arduino.o)
                              .pio/build/cubecell_gps/src/main.cpp.o (pinMode)
/Users/jonaskelley/.platformio/packages/framework-arduinoasrmicro650x/cores/asr650x/projects/CubeCellLib.a(cyfitter_cfg.o)
                              /Users/jonaskelley/.platformio/packages/framework-arduinoasrmicro650x/cores/asr650x/projects/CubeCellLib.a(ASR_Arduino.o) (systime)
.pio/build/cubecell_gps/lib72a/libTinyGPSPlus.a(TinyGPS++.cpp.o)
                              .pio/build/cubecell_gps/src/main.cpp.o (TinyGPSLocation::lat())
.pio/build/cubecell_gps/lib42f/libOnBoardGPS_Air530.a(GPS_Air530.cpp.o)
                              .pio/build/cubecell_gps/src/main.cpp.o (Air530Class::begin())
.pio/build/cubecell_gps/lib438/libOLED.a(cubecell_OLEDDisplay.cpp.o)
                              .pio/build/cubecell_gps/src/main.cpp.o (OLEDDisplay::end())
.pio/build/cubecell_gps/lib3b5/libLoRa.a(LoRaWan_APP.cpp.o)
                              .pio/build/cubecell_gps/src/main.cpp.o (turnOnRGB)
.pio/build/cubecell_gps/libFrameworkArduino.a(HardwareSerial.cpp.o)
                              .pio/build/cubecell_gps/lib42f/libOnBoardGPS_Air530.a(GPS_Air530.cpp.o) (HardwareSerial::available())
.pio/build/cubecell_gps/libFrameworkArduino.a(Wire.cpp.o)
                              .pio/build/cubecell_gps/src/main.cpp.o (TwoWire::write(unsigned char))
.pio/build/cubecell_gps/libFrameworkArduino.a(asr_board.c.o)
                              .pio/build/cubecell_gps/src/main.cpp.o (boardInitMcu)
.pio/build/cubecell_gps/libFrameworkArduino.a(gpio.c.o)
                              .pio/build/cubecell_gps/libFrameworkArduino.a(asr_board.c.o) (GpioInit)
.pio/build/cubecell_gps/libFrameworkArduino.a(spi-board.c.o)
                              .pio/build/cubecell_gps/libFrameworkArduino.a(asr_board.c.o) (SpiInit)
.pio/build/cubecell_gps/libFrameworkArduino.a(ADC_SAR_Seq.c.o)
                              /Users/jonaskelley/.platformio/packages/framework-arduinoasrmicro650x/cores/asr650x/projects/CubeCellLib.a(ASR_Arduino.o) (ADC_SAR_Seq_Start)
.pio/build/cubecell_gps/libFrameworkArduino.a(ADC_SAR_Seq_INT.c.o)
                              .pio/build/cubecell_gps/libFrameworkArduino.a(ADC_SAR_Seq.c.o) (ADC_SAR_Seq_ISR)
.pio/build/cubecell_gps/libFrameworkArduino.a(I2C_1_I2C_MASTER.c.o)
                              .pio/build/cubecell_gps/libFrameworkArduino.a(Wire.cpp.o) (I2C_1_I2CMasterSendStart)
.pio/build/cubecell_gps/libFrameworkArduino.a(I2C_I2C_MASTER.c.o)
                              .pio/build/cubecell_gps/libFrameworkArduino.a(Wire.cpp.o) (I2C_I2CMasterSendStart)
.pio/build/cubecell_gps/libFrameworkArduino.a(PWM1.c.o)
                              /Users/jonaskelley/.platformio/packages/framework-arduinoasrmicro650x/cores/asr650x/projects/CubeCellLib.a(ASR_Arduino.o) (PWM1_Stop)
.pio/build/cubecell_gps/libFrameworkArduino.a(PWM2.c.o)
                              /Users/jonaskelley/.platformio/packages/framework-arduinoasrmicro650x/cores/asr650x/projects/CubeCellLib.a(ASR_Arduino.o) (PWM2_Stop)
.pio/build/cubecell_gps/libFrameworkArduino.a(Print.cpp.o)
                              .pio/build/cubecell_gps/lib438/libOLED.a(cubecell_OLEDDisplay.cpp.o) (Print::write(unsigned char const*, unsigned int))
.pio/build/cubecell_gps/libFrameworkArduino.a(Stream.cpp.o)
                              .pio/build/cubecell_gps/libFrameworkArduino.a(HardwareSerial.cpp.o) (Stream::readBytes(char*, unsigned int))
.pio/build/cubecell_gps/libFrameworkArduino.a(WString.cpp.o)
                              .pio/build/cubecell_gps/src/main.cpp.o (String::~String())
.pio/build/cubecell_gps/libFrameworkArduino.a(irq.c.o)
                              /Users/jonaskelley/.platformio/packages/framework-arduinoasrmicro650x/cores/asr650x/projects/CubeCellLib.a(ASR_Arduino.o) (global_irq_StartEx)
.pio/build/cubecell_gps/libFrameworkArduino.a(stdlib_noniso.c.o)
                              .pio/build/cubecell_gps/libFrameworkArduino.a(WString.cpp.o) (ltoa)
.pio/build/cubecell_gps/libFrameworkArduino.a(radio.c.o)
                              .pio/build/cubecell_gps/libFrameworkArduino.a(asr_board.c.o) (SX126x)
.pio/build/cubecell_gps/libFrameworkArduino.a(sx126x.c.o)
                              .pio/build/cubecell_gps/libFrameworkArduino.a(radio.c.o) (SX126xGetOperatingMode)
.pio/build/cubecell_gps/libFrameworkArduino.a(LoRaMac.c.o)
                              .pio/build/cubecell_gps/lib3b5/libLoRa.a(LoRaWan_APP.cpp.o) (LoRaMacInitialization)
.pio/build/cubecell_gps/libFrameworkArduino.a(LoRaMacConfirmQueue.c.o)
                              .pio/build/cubecell_gps/libFrameworkArduino.a(LoRaMac.c.o) (LoRaMacConfirmQueueInit)
.pio/build/cubecell_gps/libFrameworkArduino.a(LoRaMacCrypto.c.o)
[...]
Memory Configuration

Name             Origin             Length             Attributes
rom              0x0000000000000000 0x0000000000020000 xr
ram              0x0000000020000000 0x0000000000004000 xrw
*default*        0x0000000000000000 0xffffffffffffffff

Linker script and memory map

LOAD /Users/jonaskelley/.platformio/packages/toolchain-gccarmnoneeabi/bin/../lib/gcc/arm-none-eabi/9.2.1/thumb/v6-m/nofp/crti.o
LOAD /Users/jonaskelley/.platformio/packages/toolchain-gccarmnoneeabi/bin/../lib/gcc/arm-none-eabi/9.2.1/thumb/v6-m/nofp/crtbegin.o
LOAD /Users/jonaskelley/.platformio/packages/toolchain-gccarmnoneeabi/bin/../lib/gcc/arm-none-eabi/9.2.1/../../../../arm-none-eabi/lib/thumb/v6-m/nofp/crt0.o
LOAD .pio/build/cubecell_gps/src/main.cpp.o
START GROUP
LOAD /Users/jonaskelley/.platformio/packages/framework-arduinoasrmicro650x/cores/asr650x/projects/CubeCellLib.a
LOAD .pio/build/cubecell_gps/lib72a/libTinyGPSPlus.a
LOAD .pio/build/cubecell_gps/lib42f/libOnBoardGPS_Air530.a
LOAD .pio/build/cubecell_gps/libd91/libRGB.a
LOAD .pio/build/cubecell_gps/lib438/libOLED.a
LOAD .pio/build/cubecell_gps/lib3b5/libLoRa.a
LOAD .pio/build/cubecell_gps/libFrameworkArduinoVariant.a
LOAD .pio/build/cubecell_gps/libFrameworkArduino.a
LOAD /Users/jonaskelley/.platformio/packages/toolchain-gccarmnoneeabi/bin/../lib/gcc/arm-none-eabi/9.2.1/../../../../arm-none-eabi/lib/thumb/v6-m/nofp/libstdc++_nano.a
END GROUP
LOAD /Users/jonaskelley/.platformio/packages/toolchain-gccarmnoneeabi/bin/../lib/gcc/arm-none-eabi/9.2.1/../../../../arm-none-eabi/lib/thumb/v6-m/nofp/libstdc++_nano.a
LOAD /Users/jonaskelley/.platformio/packages/toolchain-gccarmnoneeabi/bin/../lib/gcc/arm-none-eabi/9.2.1/../../../../arm-none-eabi/lib/thumb/v6-m/nofp/libm.a
START GROUP
LOAD /Users/jonaskelley/.platformio/packages/toolchain-gccarmnoneeabi/bin/../lib/gcc/arm-none-eabi/9.2.1/thumb/v6-m/nofp/libgcc.a
LOAD /Users/jonaskelley/.platformio/packages/toolchain-gccarmnoneeabi/bin/../lib/gcc/arm-none-eabi/9.2.1/../../../../arm-none-eabi/lib/thumb/v6-m/nofp/libc_nano.a
END GROUP
START GROUP
LOAD /Users/jonaskelley/.platformio/packages/toolchain-gccarmnoneeabi/bin/../lib/gcc/arm-none-eabi/9.2.1/thumb/v6-m/nofp/libgcc.a
LOAD /Users/jonaskelley/.platformio/packages/toolchain-gccarmnoneeabi/bin/../lib/gcc/arm-none-eabi/9.2.1/../../../../arm-none-eabi/lib/thumb/v6-m/nofp/libc_nano.a
END GROUP
LOAD /Users/jonaskelley/.platformio/packages/toolchain-gccarmnoneeabi/bin/../lib/gcc/arm-none-eabi/9.2.1/thumb/v6-m/nofp/crtend.o
LOAD /Users/jonaskelley/.platformio/packages/toolchain-gccarmnoneeabi/bin/../lib/gcc/arm-none-eabi/9.2.1/thumb/v6-m/nofp/crtn.o
START GROUP
LOAD /Users/jonaskelley/.platformio/packages/toolchain-gccarmnoneeabi/bin/../lib/gcc/arm-none-eabi/9.2.1/thumb/v6-m/nofp/libgcc.a
LOAD /Users/jonaskelley/.platformio/packages/toolchain-gccarmnoneeabi/bin/../lib/gcc/arm-none-eabi/9.2.1/../../../../arm-none-eabi/lib/thumb/v6-m/nofp/libc.a
LOAD /Users/jonaskelley/.platformio/packages/toolchain-gccarmnoneeabi/bin/../lib/gcc/arm-none-eabi/9.2.1/../../../../arm-none-eabi/lib/thumb/v6-m/nofp/libnosys.a
END GROUP
                0x0000000000000000                CY_APPL_ORIGIN = 0x0
                0x0000000000000100                CY_FLASH_ROW_SIZE = 0x100
                0x0000000000000001                CY_APPL_NUM = 0x1
                0x0000000000000001                CY_APPL_MAX = 0x1
                0x0000000000000040                CY_METADATA_SIZE = 0x40
                0x0000000000000001                CY_APPL_LOADABLE = 0x1
                0x0000000000000000                CY_CHECKSUM_EXCLUDE_SIZE = ALIGN (0x0, CY_FLASH_ROW_SIZE)
                0x0000000000000000                CY_APP_FOR_STACK_AND_COPIER = 0x0
                [!provide]                        PROVIDE (__cy_heap_start = _end)
                0x0000000000000001                PROVIDE (__cy_region_num = ((__cy_regions_end - __cy_regions) / 0x10))
                0x0000000020004000                PROVIDE (__cy_stack = (ORIGIN (ram) + LENGTH (ram)))
                [!provide]                        PROVIDE (__cy_heap_end = (__cy_stack - 0x800))

.cybootloader   0x0000000000000000     0x2200
 *(.cybootloader)
 .cybootloader  0x0000000000000000     0x2200 .pio/build/cubecell_gps/libFrameworkArduino.a(cybootloader.c.o)
                0x0000000000000000                cy_bootloader
                0x0000000000002200                appl1_start = CY_APPL_ORIGIN?CY_APPL_ORIGIN:ALIGN (CY_FLASH_ROW_SIZE)
                0x0000000000011000                appl2_start = (appl1_start + ALIGN ((((LENGTH (rom) - appl1_start) - (0x2 * CY_FLASH_ROW_SIZE)) / 0x2), CY_FLASH_ROW_SIZE))
                0x0000000000002200                appl_start = (CY_APPL_NUM == 0x1)?appl1_start:appl2_start
                0x0000000000000000                cy_project_type_bootloader = (appl_start == 0x0)?0x1:0x0
                0x0000000000000000                cy_project_type_app_for_stack_and_copier = (CY_APP_FOR_STACK_AND_COPIER == 0x1)?0x1:0x0

.text           0x0000000000002200     0xc278
 CREATE_OBJECT_SYMBOLS
                0x0000000000002200                PROVIDE (__cy_interrupt_vector = RomVectors)
 *(.romvectors)
 .romvectors    0x0000000000002200       0x10 .pio/build/cubecell_gps/libFrameworkArduino.a(Cm0plusStart.c.o)
                0x0000000000002200                RomVectors
                0x0000000000000001                ASSERT ((. != __cy_interrupt_vector), No interrupt vector)
                0x0000000000000001                ASSERT (CY_APPL_ORIGIN?(SIZEOF (.cybootloader) <= CY_APPL_ORIGIN):0x1, Wrong image location)
                0x0000000000002210                PROVIDE (__cy_reset = Reset)
 *(.text.Reset)
 .text.Reset    0x0000000000002210       0x18 .pio/build/cubecell_gps/libFrameworkArduino.a(Cm0plusStart.c.o)
                0x0000000000002210                Reset
                0x0000000000000001                ASSERT ((. != __cy_reset), No reset code)
 *(.psocinit)
 .psocinit      0x0000000000002228      0x1b4 /Users/jonaskelley/.platformio/packages/framework-arduinoasrmicro650x/cores/asr650x/projects/CubeCellLib.a(cyfitter_cfg.o)
                0x0000000000002228                cyfitter_cfg
                0x00000000000023dc                . = MAX (., 0x100)
 *(.text .text.* .gnu.linkonce.t.*)
 .text.__do_global_dtors_aux
                0x00000000000023dc       0x28 /Users/jonaskelley/.platformio/packages/toolchain-gccarmnoneeabi/bin/../lib/gcc/arm-none-eabi/9.2.1/thumb/v6-m/nofp/crtbegin.o
 .text.frame_dummy
                0x0000000000002404       0x20 /Users/jonaskelley/.platformio/packages/toolchain-gccarmnoneeabi/bin/../lib/gcc/arm-none-eabi/9.2.1/thumb/v6-m/nofp/crtbegin.o
 .text._Z11OnTxTimeoutv
                0x0000000000002424       0x20 .pio/build/cubecell_gps/src/main.cpp.o
                0x0000000000002424                OnTxTimeout()
 .text._Z7userKeyv
                0x0000000000002444       0x6c .pio/build/cubecell_gps/src/main.cpp.o
                0x0000000000002444                userKey()
 .text._Z8fracPartdi
                0x00000000000024b0       0x48 .pio/build/cubecell_gps/src/main.cpp.o
                0x00000000000024b0                fracPart(double, int)
 .text._ZN11SSD1306Wire7displayEv
                0x00000000000024f8      0x308 .pio/build/cubecell_gps/src/main.cpp.o
                0x00000000000024f8                SSD1306Wire::display()
 .text._Z11displayInofv
                0x0000000000002800      0x120 .pio/build/cubecell_gps/src/main.cpp.o
                0x0000000000002800                displayInof()
 .text._Z8OnTxDonev
                0x0000000000002920       0x2c .pio/build/cubecell_gps/src/main.cpp.o
                0x0000000000002920                OnTxDone()
 .text._Z8OnRxDonePhtsa
                0x000000000000294c       0x70 .pio/build/cubecell_gps/src/main.cpp.o
                0x000000000000294c                OnRxDone(unsigned char*, unsigned short, short, signed char)
 .text._Z7testRGBv
                0x00000000000029bc       0x78 .pio/build/cubecell_gps/src/main.cpp.o
                0x00000000000029bc                testRGB()
 .text._Z5setupv
                0x0000000000002a34       0xf4 .pio/build/cubecell_gps/src/main.cpp.o
                0x0000000000002a34                setup()
 .text._Z11showGpsInfov
                0x0000000000002b28      0x320 .pio/build/cubecell_gps/src/main.cpp.o
                0x0000000000002b28                showGpsInfo()
 .text._Z4loopv
                0x0000000000002e48      0x124 .pio/build/cubecell_gps/src/main.cpp.o
                0x0000000000002e48                loop()
 .text.globalGpioIsrEntry
                0x0000000000002f6c       0x58 /Users/jonaskelley/.platformio/packages/framework-arduinoasrmicro650x/cores/asr650x/projects/CubeCellLib.a(ASR_Arduino.o)
                0x0000000000002f6c                globalGpioIsrEntry
 .text.getID    0x0000000000002fc4       0x18 /Users/jonaskelley/.platformio/packages/framework-arduinoasrmicro650x/cores/asr650x/projects/CubeCellLib.a(ASR_Arduino.o)
                0x0000000000002fc4                getID
 .text.license_check
                0x0000000000002fdc      0x268 /Users/jonaskelley/.platformio/packages/framework-arduinoasrmicro650x/cores/asr650x/projects/CubeCellLib.a(ASR_Arduino.o)
                0x0000000000002fdc                license_check
 .text.pinMode  0x0000000000003244       0x6c /Users/jonaskelley/.platformio/packages/framework-arduinoasrmicro650x/cores/asr650x/projects/CubeCellLib.a(ASR_Arduino.o)
                0x0000000000003244                pinMode
 .text.digitalWrite
                0x00000000000032b0       0x68 /Users/jonaskelley/.platformio/packages/framework-arduinoasrmicro650x/cores/asr650x/projects/CubeCellLib.a(ASR_Arduino.o)
                0x00000000000032b0                digitalWrite
 .text.digitalRead
                0x0000000000003318       0x20 /Users/jonaskelley/.platformio/packages/framework-arduinoasrmicro650x/cores/asr650x/projects/CubeCellLib.a(ASR_Arduino.o)
                0x0000000000003318                digitalRead
 .text.ClearPinInterrupt
                0x0000000000003338       0x1c /Users/jonaskelley/.platformio/packages/framework-arduinoasrmicro650x/cores/asr650x/projects/CubeCellLib.a(ASR_Arduino.o)
                0x0000000000003338                ClearPinInterrupt
 .text.attachInterrupt
                0x0000000000003354       0x7c /Users/jonaskelley/.platformio/packages/framework-arduinoasrmicro650x/cores/asr650x/projects/CubeCellLib.a(ASR_Arduino.o)
                0x0000000000003354                attachInterrupt
 .text.detachInterrupt
                0x00000000000033d0       0x6c /Users/jonaskelley/.platformio/packages/framework-arduinoasrmicro650x/cores/asr650x/projects/CubeCellLib.a(ASR_Arduino.o)
                0x00000000000033d0                detachInterrupt
 .text.delay    0x000000000000343c        0x8 /Users/jonaskelley/.platformio/packages/framework-arduinoasrmicro650x/cores/asr650x/projects/CubeCellLib.a(ASR_Arduino.o)
                0x000000000000343c                delay
 .text.millis   0x0000000000003444        0xc /Users/jonaskelley/.platformio/packages/framework-arduinoasrmicro650x/cores/asr650x/projects/CubeCellLib.a(ASR_Arduino.o)
                0x0000000000003444                millis
 .text.SPI_BUSY_SetDriveMode
                0x0000000000003450        0x2 /Users/jonaskelley/.platformio/packages/framework-arduinoasrmicro650x/cores/asr650x/projects/CubeCellLib.a(ASR_Arduino.o)
                0x0000000000003450                SPI_BUSY_SetDriveMode
 .text.SPI_NRESET_SetDriveMode
                0x0000000000003452        0x2 /Users/jonaskelley/.platformio/packages/framework-arduinoasrmicro650x/cores/asr650x/projects/CubeCellLib.a(ASR_Arduino.o)
                0x0000000000003452                SPI_NRESET_SetDriveMode
 .text.antpow_SetDriveMode
                0x0000000000003454        0x2 /Users/jonaskelley/.platformio/packages/framework-arduinoasrmicro650x/cores/asr650x/projects/CubeCellLib.a(ASR_Arduino.o)
                0x0000000000003454                antpow_SetDriveMode
 .text.SPI_1_miso_m_SetDriveMode
                0x0000000000003456        0x2 /Users/jonaskelley/.platformio/packages/framework-arduinoasrmicro650x/cores/asr650x/projects/CubeCellLib.a(ASR_Arduino.o)
                0x0000000000003456                SPI_1_miso_m_SetDriveMode
 .text.SPI_1_mosi_m_SetDriveMode
                0x0000000000003458        0x2 /Users/jonaskelley/.platformio/packages/framework-arduinoasrmicro650x/cores/asr650x/projects/CubeCellLib.a(ASR_Arduino.o)
                0x0000000000003458                SPI_1_mosi_m_SetDriveMode
 .text.SPI_1_sclk_m_SetDriveMode
                0x000000000000345a        0x2 /Users/jonaskelley/.platformio/packages/framework-arduinoasrmicro650x/cores/asr650x/projects/CubeCellLib.a(ASR_Arduino.o)
                0x000000000000345a                SPI_1_sclk_m_SetDriveMode
 .text.systemTimer
                0x000000000000345c       0x10 /Users/jonaskelley/.platformio/packages/framework-arduinoasrmicro650x/cores/asr650x/projects/CubeCellLib.a(cyfitter_cfg.o)
                0x000000000000345c                systemTimer
 .text.SetAnalogRoutingPumps
                0x000000000000346c       0x1c /Users/jonaskelley/.platformio/packages/framework-arduinoasrmicro650x/cores/asr650x/projects/CubeCellLib.a(cyfitter_cfg.o)
                0x000000000000346c                SetAnalogRoutingPumps
 .text._ZN11TinyGPSPlusC2Ev
                0x0000000000003488       0x64 .pio/build/cubecell_gps/lib72a/libTinyGPSPlus.a(TinyGPS++.cpp.o)
                0x0000000000003488                TinyGPSPlus::TinyGPSPlus()
                0x0000000000003488                TinyGPSPlus::TinyGPSPlus()
 .text._ZN11TinyGPSPlus7fromHexEc
                0x00000000000034ec       0x1e .pio/build/cubecell_gps/lib72a/libTinyGPSPlus.a(TinyGPS++.cpp.o)
                0x00000000000034ec                TinyGPSPlus::fromHex(char)
 .text._ZN11TinyGPSPlus12parseDecimalEPKc
                0x000000000000350a       0x4a .pio/build/cubecell_gps/lib72a/libTinyGPSPlus.a(TinyGPS++.cpp.o)
                0x000000000000350a                TinyGPSPlus::parseDecimal(char const*)
 .text._ZN11TinyGPSPlus12parseDegreesEPKcR10RawDegrees
                0x0000000000003554       0x64 .pio/build/cubecell_gps/lib72a/libTinyGPSPlus.a(TinyGPS++.cpp.o)
                0x0000000000003554                TinyGPSPlus::parseDegrees(char const*, RawDegrees&)
 .text._ZN15TinyGPSLocation6commitEv
                0x00000000000035b8       0x2e .pio/build/cubecell_gps/lib72a/libTinyGPSPlus.a(TinyGPS++.cpp.o)
                0x00000000000035b8                TinyGPSLocation::commit()
 *fill*         0x00000000000035e6        0x2 
 .text._ZN15TinyGPSLocation3latEv
                0x00000000000035e8       0x48 .pio/build/cubecell_gps/lib72a/libTinyGPSPlus.a(TinyGPS++.cpp.o)
                0x00000000000035e8                TinyGPSLocation::lat()
 .text._ZN15TinyGPSLocation3lngEv
                0x0000000000003630       0x48 .pio/build/cubecell_gps/lib72a/libTinyGPSPlus.a(TinyGPS++.cpp.o)
                0x0000000000003630                TinyGPSLocation::lng()
 .text._ZN11TinyGPSDate6commitEv
                0x0000000000003678       0x16 .pio/build/cubecell_gps/lib72a/libTinyGPSPlus.a(TinyGPS++.cpp.o)
                0x0000000000003678                TinyGPSDate::commit()
 .text._ZN11TinyGPSTime6commitEv
                0x000000000000368e       0x16 .pio/build/cubecell_gps/lib72a/libTinyGPSPlus.a(TinyGPS++.cpp.o)
                0x000000000000368e                TinyGPSTime::commit()
 .text._ZN11TinyGPSTime7setTimeEPKc
                0x00000000000036a4        0xe .pio/build/cubecell_gps/lib72a/libTinyGPSPlus.a(TinyGPS++.cpp.o)
                0x00000000000036a4                TinyGPSTime::setTime(char const*)
 .text._ZN11TinyGPSDate7setDateEPKc
                0x00000000000036b2        0xe .pio/build/cubecell_gps/lib72a/libTinyGPSPlus.a(TinyGPS++.cpp.o)
                0x00000000000036b2                TinyGPSDate::setDate(char const*)
 .text._ZN11TinyGPSDate4yearEv
                0x00000000000036c0       0x18 .pio/build/cubecell_gps/lib72a/libTinyGPSPlus.a(TinyGPS++.cpp.o)
                0x00000000000036c0                TinyGPSDate::year()
 .text._ZN11TinyGPSDate5monthEv
                0x00000000000036d8       0x18 .pio/build/cubecell_gps/lib72a/libTinyGPSPlus.a(TinyGPS++.cpp.o)
                0x00000000000036d8                TinyGPSDate::month()
 .text._ZN11TinyGPSDate3dayEv
                0x00000000000036f0       0x18 .pio/build/cubecell_gps/lib72a/libTinyGPSPlus.a(TinyGPS++.cpp.o)
                0x00000000000036f0                TinyGPSDate::day()
 .text._ZN11TinyGPSTime4hourEv
                0x0000000000003708       0x18 .pio/build/cubecell_gps/lib72a/libTinyGPSPlus.a(TinyGPS++.cpp.o)
                0x0000000000003708                TinyGPSTime::hour()
 .text._ZN11TinyGPSTime6minuteEv
                0x0000000000003720       0x1c .pio/build/cubecell_gps/lib72a/libTinyGPSPlus.a(TinyGPS++.cpp.o)
                0x0000000000003720                TinyGPSTime::minute()
 .text._ZN11TinyGPSTime6secondEv
                0x000000000000373c       0x18 .pio/build/cubecell_gps/lib72a/libTinyGPSPlus.a(TinyGPS++.cpp.o)
                0x000000000000373c                TinyGPSTime::second()
 .text._ZN11TinyGPSTime11centisecondEv
                0x0000000000003754       0x12 .pio/build/cubecell_gps/lib72a/libTinyGPSPlus.a(TinyGPS++.cpp.o)
                0x0000000000003754                TinyGPSTime::centisecond()
 .text._ZN14TinyGPSDecimal6commitEv
                0x0000000000003766       0x16 .pio/build/cubecell_gps/lib72a/libTinyGPSPlus.a(TinyGPS++.cpp.o)
                0x0000000000003766                TinyGPSDecimal::commit()
 .text._ZN14TinyGPSDecimal3setEPKc
                0x000000000000377c        0xe .pio/build/cubecell_gps/lib72a/libTinyGPSPlus.a(TinyGPS++.cpp.o)
                0x000000000000377c                TinyGPSDecimal::set(char const*)
 .text._ZN14TinyGPSInteger6commitEv
                0x000000000000378a       0x16 .pio/build/cubecell_gps/lib72a/libTinyGPSPlus.a(TinyGPS++.cpp.o)
                0x000000000000378a                TinyGPSInteger::commit()
 .text._ZN14TinyGPSInteger3setEPKc
                0x00000000000037a0        0xe .pio/build/cubecell_gps/lib72a/libTinyGPSPlus.a(TinyGPS++.cpp.o)
                0x00000000000037a0                TinyGPSInteger::set(char const*)
 .text._ZN13TinyGPSCustom6commitEv
                0x00000000000037ae       0x1a .pio/build/cubecell_gps/lib72a/libTinyGPSPlus.a(TinyGPS++.cpp.o)
                0x00000000000037ae                TinyGPSCustom::commit()
 .text._ZN13TinyGPSCustom3setEPKc
                0x00000000000037c8        0xa .pio/build/cubecell_gps/lib72a/libTinyGPSPlus.a(TinyGPS++.cpp.o)
                0x00000000000037c8                TinyGPSCustom::set(char const*)
 *fill*         0x00000000000037d2        0x2 
 .text._ZN11TinyGPSPlus16endOfTermHandlerEv
                0x00000000000037d4      0x278 .pio/build/cubecell_gps/lib72a/libTinyGPSPlus.a(TinyGPS++.cpp.o)
                0x00000000000037d4                TinyGPSPlus::endOfTermHandler()
 .text._ZN11TinyGPSPlus6encodeEc
                0x0000000000003a4c       0x9e .pio/build/cubecell_gps/lib72a/libTinyGPSPlus.a(TinyGPS++.cpp.o)
                0x0000000000003a4c                TinyGPSPlus::encode(char)
 .text._ZN14HardwareSerialD2Ev
                0x0000000000003aea        0x2 .pio/build/cubecell_gps/lib42f/libOnBoardGPS_Air530.a(GPS_Air530.cpp.o)
                0x0000000000003aea                HardwareSerial::~HardwareSerial()
                0x0000000000003aea                HardwareSerial::~HardwareSerial()
 .text._ZN11Air530Class5beginEv
                0x0000000000003aec       0x40 .pio/build/cubecell_gps/lib42f/libOnBoardGPS_Air530.a(GPS_Air530.cpp.o)
                0x0000000000003aec                Air530Class::begin()
 .text._ZN11Air530Class9availableEv
                0x0000000000003b2c       0x10 .pio/build/cubecell_gps/lib42f/libOnBoardGPS_Air530.a(GPS_Air530.cpp.o)
                0x0000000000003b2c                Air530Class::available()
 .text._ZN11Air530Class4readEv
                0x0000000000003b3c       0x10 .pio/build/cubecell_gps/lib42f/libOnBoardGPS_Air530.a(GPS_Air530.cpp.o)
                0x0000000000003b3c                Air530Class::read()
 .text._ZN11Air530Class3endEv
                0x0000000000003b4c       0x18 .pio/build/cubecell_gps/lib42f/libOnBoardGPS_Air530.a(GPS_Air530.cpp.o)
                0x0000000000003b4c                Air530Class::end()
 .text._ZN14HardwareSerialD0Ev
                0x0000000000003b64        0xe .pio/build/cubecell_gps/lib42f/libOnBoardGPS_Air530.a(GPS_Air530.cpp.o)
                0x0000000000003b64                HardwareSerial::~HardwareSerial()
 *fill*         0x0000000000003b72        0x2 
 .text.startup._GLOBAL__sub_I_GPSSerial
                0x0000000000003b74       0x38 .pio/build/cubecell_gps/lib42f/libOnBoardGPS_Air530.a(GPS_Air530.cpp.o)
 .text._ZN11OLEDDisplay11sendCommandEh
                0x0000000000003bac        0x2 .pio/build/cubecell_gps/lib438/libOLED.a(cubecell_OLEDDisplay.cpp.o)
                0x0000000000003bac                OLEDDisplay::sendCommand(unsigned char)
 .text._ZN11OLEDDisplay7connectEv
                0x0000000000003bae        0x4 .pio/build/cubecell_gps/lib438/libOLED.a(cubecell_OLEDDisplay.cpp.o)
                0x0000000000003bae                OLEDDisplay::connect()
 *fill*         0x0000000000003bb2        0x2 
 .text._Z22DefaultFontTableLookuph
                0x0000000000003bb4       0x38 .pio/build/cubecell_gps/lib438/libOLED.a(cubecell_OLEDDisplay.cpp.o)
                0x0000000000003bb4                DefaultFontTableLookup(unsigned char)
 .text._ZN11OLEDDisplay5writeEh
                0x0000000000003bec       0x80 .pio/build/cubecell_gps/lib438/libOLED.a(cubecell_OLEDDisplay.cpp.o)
                0x0000000000003bec                OLEDDisplay::write(unsigned char)
 .text._ZN11OLEDDisplayC2Ev
                0x0000000000003c6c       0x3c .pio/build/cubecell_gps/lib438/libOLED.a(cubecell_OLEDDisplay.cpp.o)
                0x0000000000003c6c                OLEDDisplay::OLEDDisplay()
                0x0000000000003c6c                OLEDDisplay::OLEDDisplay()
 .text._ZN11OLEDDisplay3endEv
                0x0000000000003ca8       0x52 .pio/build/cubecell_gps/lib438/libOLED.a(cubecell_OLEDDisplay.cpp.o)
                0x0000000000003ca8                OLEDDisplay::end()
 *fill*         0x0000000000003cfa        0x2 
 .text._ZN11OLEDDisplayD2Ev
                0x0000000000003cfc       0x18 .pio/build/cubecell_gps/lib438/libOLED.a(cubecell_OLEDDisplay.cpp.o)
                0x0000000000003cfc                OLEDDisplay::~OLEDDisplay()
                0x0000000000003cfc                OLEDDisplay::~OLEDDisplay()
 .text._ZN11OLEDDisplay18drawStringInternalEssPctt
                0x0000000000003d14      0x1d8 .pio/build/cubecell_gps/lib438/libOLED.a(cubecell_OLEDDisplay.cpp.o)
                0x0000000000003d14                OLEDDisplay::drawStringInternal(short, short, char*, unsigned short, unsigned short)
 .text._ZN11OLEDDisplay14getStringWidthEPKct
                0x0000000000003eec       0x48 .pio/build/cubecell_gps/lib438/libOLED.a(cubecell_OLEDDisplay.cpp.o)
                0x0000000000003eec                OLEDDisplay::getStringWidth(char const*, unsigned short)
 .text._ZN11OLEDDisplay16setTextAlignmentE26OLEDDISPLAY_TEXT_ALIGNMENT
                0x0000000000003f34        0x4 .pio/build/cubecell_gps/lib438/libOLED.a(cubecell_OLEDDisplay.cpp.o)
                0x0000000000003f34                OLEDDisplay::setTextAlignment(OLEDDISPLAY_TEXT_ALIGNMENT)
 .text._ZN11OLEDDisplay7setFontEPKh
                0x0000000000003f38        0x4 .pio/build/cubecell_gps/lib438/libOLED.a(cubecell_OLEDDisplay.cpp.o)
                0x0000000000003f38                OLEDDisplay::setFont(unsigned char const*)
 .text._ZN11OLEDDisplay5clearEv
                0x0000000000003f3c        0xe .pio/build/cubecell_gps/lib438/libOLED.a(cubecell_OLEDDisplay.cpp.o)
                0x0000000000003f3c                OLEDDisplay::clear()
 .text._ZN11OLEDDisplay12resetDisplayEv
                0x0000000000003f4a       0x1c .pio/build/cubecell_gps/lib438/libOLED.a(cubecell_OLEDDisplay.cpp.o)
                0x0000000000003f4a                OLEDDisplay::resetDisplay()
 *fill*         0x0000000000003f66        0x2 
 .text._ZN11OLEDDisplay11setGeometryE20OLEDDISPLAY_GEOMETRYtt
                0x0000000000003f68       0x3c .pio/build/cubecell_gps/lib438/libOLED.a(cubecell_OLEDDisplay.cpp.o)
                0x0000000000003f68                OLEDDisplay::setGeometry(OLEDDISPLAY_GEOMETRY, unsigned short, unsigned short)
 .text._ZN11OLEDDisplay12setDrivemodeE17OLEDDISPLAY_DRIVE
                0x0000000000003fa4        0x4 .pio/build/cubecell_gps/lib438/libOLED.a(cubecell_OLEDDisplay.cpp.o)
                0x0000000000003fa4                OLEDDisplay::setDrivemode(OLEDDISPLAY_DRIVE)
 .text._ZN11OLEDDisplay6setRstEa
                0x0000000000003fa8        0x4 .pio/build/cubecell_gps/lib438/libOLED.a(cubecell_OLEDDisplay.cpp.o)
                0x0000000000003fa8                OLEDDisplay::setRst(signed char)
 .text._ZN11OLEDDisplay16sendInitCommandsEv
                0x0000000000003fac      0x218 .pio/build/cubecell_gps/lib438/libOLED.a(cubecell_OLEDDisplay.cpp.o)
                0x0000000000003fac                OLEDDisplay::sendInitCommands()
 .text._ZN11OLEDDisplay4initEv
                0x00000000000041c4       0xce .pio/build/cubecell_gps/lib438/libOLED.a(cubecell_OLEDDisplay.cpp.o)
                0x00000000000041c4                OLEDDisplay::init()
 .text._ZN11OLEDDisplay9utf8asciiE6String
                0x0000000000004292       0x60 .pio/build/cubecell_gps/lib438/libOLED.a(cubecell_OLEDDisplay.cpp.o)
                0x0000000000004292                OLEDDisplay::utf8ascii(String)
 *fill*         0x00000000000042f2        0x2 
 .text._ZN11OLEDDisplay10drawStringEss6String
                0x00000000000042f4       0xa8 .pio/build/cubecell_gps/lib438/libOLED.a(cubecell_OLEDDisplay.cpp.o)
                0x00000000000042f4                OLEDDisplay::drawString(short, short, String)
 .text._ZN11SSD1306Wire15getBufferOffsetEv
                0x000000000000439c        0x4 .pio/build/cubecell_gps/lib3b5/libLoRa.a(LoRaWan_APP.cpp.o)
                0x000000000000439c                SSD1306Wire::getBufferOffset()
 .text._ZN11SSD1306Wire11sendCommandEh
                0x00000000000043a0       0x34 .pio/build/cubecell_gps/lib3b5/libLoRa.a(LoRaWan_APP.cpp.o)
                0x00000000000043a0                SSD1306Wire::sendCommand(unsigned char)
 .text._ZN11SSD1306Wire7connectEv
                0x00000000000043d4       0x18 .pio/build/cubecell_gps/lib3b5/libLoRa.a(LoRaWan_APP.cpp.o)
                0x00000000000043d4                SSD1306Wire::connect()
 .text._ZN11SSD1306WireD2Ev
                0x00000000000043ec       0x14 .pio/build/cubecell_gps/lib3b5/libLoRa.a(LoRaWan_APP.cpp.o)
                0x00000000000043ec                SSD1306Wire::~SSD1306Wire()
                0x00000000000043ec                SSD1306Wire::~SSD1306Wire()
 .text._ZN11SSD1306WireD0Ev
                0x0000000000004400       0x14 .pio/build/cubecell_gps/lib3b5/libLoRa.a(LoRaWan_APP.cpp.o)
                0x0000000000004400                SSD1306Wire::~SSD1306Wire()
 .text._ZN11SSD1306Wire18initI2cIfNeccesaryEv
                0x0000000000004414       0x20 .pio/build/cubecell_gps/lib3b5/libLoRa.a(LoRaWan_APP.cpp.o)
                0x0000000000004414                SSD1306Wire::initI2cIfNeccesary()
 .text.turnOnRGB
                0x0000000000004434       0x50 .pio/build/cubecell_gps/lib3b5/libLoRa.a(LoRaWan_APP.cpp.o)
                0x0000000000004434                turnOnRGB
 .text.turnOffRGB
                0x0000000000004484       0x24 .pio/build/cubecell_gps/lib3b5/libLoRa.a(LoRaWan_APP.cpp.o)
                0x0000000000004484                turnOffRGB
 .text.startup._GLOBAL__sub_I_pixels
                0x00000000000044a8       0x80 .pio/build/cubecell_gps/lib3b5/libLoRa.a(LoRaWan_APP.cpp.o)
 .text._ZN6Stream9readBytesEPhj
                0x0000000000004528        0xa .pio/build/cubecell_gps/libFrameworkArduino.a(HardwareSerial.cpp.o)
                0x0000000000004528                Stream::readBytes(unsigned char*, unsigned int)
 .text._ZN14HardwareSerial17availableForWriteEv
                0x0000000000004532        0x4 .pio/build/cubecell_gps/libFrameworkArduino.a(HardwareSerial.cpp.o)
                0x0000000000004532                HardwareSerial::peek()
                0x0000000000004532                HardwareSerial::availableForWrite()
 .text._ZN14HardwareSerial9availableEv
                0x0000000000004536       0x16 .pio/build/cubecell_gps/libFrameworkArduino.a(HardwareSerial.cpp.o)
                0x0000000000004536                HardwareSerial::available()
 .text._ZN14HardwareSerial4readEv
                0x000000000000454c       0x26 .pio/build/cubecell_gps/libFrameworkArduino.a(HardwareSerial.cpp.o)
                0x000000000000454c                HardwareSerial::read()
 .text._ZN14HardwareSerial5flushEv
                0x0000000000004572       0x1c .pio/build/cubecell_gps/libFrameworkArduino.a(HardwareSerial.cpp.o)
                0x0000000000004572                HardwareSerial::flush()
 .text._ZN14HardwareSerial5writeEh
                0x000000000000458e       0x1a .pio/build/cubecell_gps/libFrameworkArduino.a(HardwareSerial.cpp.o)
                0x000000000000458e                HardwareSerial::write(unsigned char)
 .text._ZN14HardwareSerial5writeEPKhj
                0x00000000000045a8       0x28 .pio/build/cubecell_gps/libFrameworkArduino.a(HardwareSerial.cpp.o)
                0x00000000000045a8                HardwareSerial::write(unsigned char const*, unsigned int)
 .text._ZN14HardwareSerialC2Ea
                0x00000000000045d0       0x1c .pio/build/cubecell_gps/libFrameworkArduino.a(HardwareSerial.cpp.o)
                0x00000000000045d0                HardwareSerial::HardwareSerial(signed char)
                0x00000000000045d0                HardwareSerial::HardwareSerial(signed char)
 .text._ZN14HardwareSerial5beginEmambm
                0x00000000000045ec       0xb0 .pio/build/cubecell_gps/libFrameworkArduino.a(HardwareSerial.cpp.o)
                0x00000000000045ec                HardwareSerial::begin(unsigned long, signed char, unsigned long, bool, unsigned long)
 .text._ZN14HardwareSerial3endEv
                0x000000000000469c       0x14 .pio/build/cubecell_gps/libFrameworkArduino.a(HardwareSerial.cpp.o)
                0x000000000000469c                HardwareSerial::end()
 .text.startup._GLOBAL__sub_I_Serial
                0x00000000000046b0       0x5c .pio/build/cubecell_gps/libFrameworkArduino.a(HardwareSerial.cpp.o)
 .text._ZN7TwoWireD2Ev
                0x000000000000470c        0x2 .pio/build/cubecell_gps/libFrameworkArduino.a(Wire.cpp.o)
                0x000000000000470c                TwoWire::~TwoWire()
                0x000000000000470c                TwoWire::~TwoWire()
 .text._ZN7TwoWire5writeEPKhj
                0x000000000000470e       0x24 .pio/build/cubecell_gps/libFrameworkArduino.a(Wire.cpp.o)
                0x000000000000470e                TwoWire::write(unsigned char const*, unsigned int)
 .text._ZN7TwoWire9availableEv
                0x0000000000004732        0xe .pio/build/cubecell_gps/libFrameworkArduino.a(Wire.cpp.o)
                0x0000000000004732                TwoWire::available()
 .text._ZN7TwoWire4readEv
                0x0000000000004740       0x20 .pio/build/cubecell_gps/libFrameworkArduino.a(Wire.cpp.o)
                0x0000000000004740                TwoWire::read()
 .text._ZN7TwoWire4peekEv
                0x0000000000004760       0x1c .pio/build/cubecell_gps/libFrameworkArduino.a(Wire.cpp.o)
                0x0000000000004760                TwoWire::peek()
 .text._ZN7TwoWireD0Ev
                0x000000000000477c       0x10 .pio/build/cubecell_gps/libFrameworkArduino.a(Wire.cpp.o)
                0x000000000000477c                TwoWire::~TwoWire()
 .text._ZN7TwoWire5writeEh
                0x000000000000478c       0x40 .pio/build/cubecell_gps/libFrameworkArduino.a(Wire.cpp.o)
                0x000000000000478c                TwoWire::write(unsigned char)
 .text._ZN7TwoWire5flushEv
                0x00000000000047cc       0x78 .pio/build/cubecell_gps/libFrameworkArduino.a(Wire.cpp.o)
                0x00000000000047cc                TwoWire::flush()
 .text._ZN7TwoWireC2Ea
                0x0000000000004844       0x3c .pio/build/cubecell_gps/libFrameworkArduino.a(Wire.cpp.o)
                0x0000000000004844                TwoWire::TwoWire(signed char)
                0x0000000000004844                TwoWire::TwoWire(signed char)
 .text._ZN7TwoWire5beginEma
                0x0000000000004880       0x6c .pio/build/cubecell_gps/libFrameworkArduino.a(Wire.cpp.o)
                0x0000000000004880                TwoWire::begin(unsigned long, signed char)
 .text._ZN7TwoWire3endEv
                0x00000000000048ec       0x16 .pio/build/cubecell_gps/libFrameworkArduino.a(Wire.cpp.o)
                0x00000000000048ec                TwoWire::end()
 .text._ZN7TwoWire17writeTransmissionEtPhtb
                0x0000000000004902       0x88 .pio/build/cubecell_gps/libFrameworkArduino.a(Wire.cpp.o)
                0x0000000000004902                TwoWire::writeTransmission(unsigned short, unsigned char*, unsigned short, bool)
 .text._ZN7TwoWire15endTransmissionEb
                0x000000000000498a       0x68 .pio/build/cubecell_gps/libFrameworkArduino.a(Wire.cpp.o)
                0x000000000000498a                TwoWire::endTransmission(bool)
 .text._ZN7TwoWire17beginTransmissionEh
                0x00000000000049f2       0x12 .pio/build/cubecell_gps/libFrameworkArduino.a(Wire.cpp.o)
                0x00000000000049f2                TwoWire::beginTransmission(unsigned char)
 .text._ZN7TwoWire15endTransmissionEv
                0x0000000000004a04        0xa .pio/build/cubecell_gps/libFrameworkArduino.a(Wire.cpp.o)
                0x0000000000004a04                TwoWire::endTransmission()
 *fill*         0x0000000000004a0e        0x2 
 .text.startup._GLOBAL__sub_I__ZN7TwoWireC2Ea
                0x0000000000004a10       0x40 .pio/build/cubecell_gps/libFrameworkArduino.a(Wire.cpp.o)
 .text.SX126xIoInit
                0x0000000000004a50       0x44 .pio/build/cubecell_gps/libFrameworkArduino.a(asr_board.c.o)
                0x0000000000004a50                SX126xIoInit
 .text.SX126xIoIrqInit
                0x0000000000004a94       0x14 .pio/build/cubecell_gps/libFrameworkArduino.a(asr_board.c.o)
                0x0000000000004a94                SX126xIoIrqInit
 .text.SX126xGetBoardTcxoWakeupTime
                0x0000000000004aa8        0x4 .pio/build/cubecell_gps/libFrameworkArduino.a(asr_board.c.o)
                0x0000000000004aa8                SX126xGetBoardTcxoWakeupTime
 .text.SX126xReset
                0x0000000000004aac       0x50 .pio/build/cubecell_gps/libFrameworkArduino.a(asr_board.c.o)
                0x0000000000004aac                SX126xReset
 .text.SX126xWaitOnBusy
                0x0000000000004afc       0x14 .pio/build/cubecell_gps/libFrameworkArduino.a(asr_board.c.o)
                0x0000000000004afc                SX126xWaitOnBusy
 .text.SX126xWakeup
                0x0000000000004b10       0x38 .pio/build/cubecell_gps/libFrameworkArduino.a(asr_board.c.o)
                0x0000000000004b10                SX126xWakeup
 .text.SX126xWriteCommand
                0x0000000000004b48       0x50 .pio/build/cubecell_gps/libFrameworkArduino.a(asr_board.c.o)
                0x0000000000004b48                SX126xWriteCommand
 .text.SX126xReadCommand
                0x0000000000004b98       0x54 .pio/build/cubecell_gps/libFrameworkArduino.a(asr_board.c.o)
                0x0000000000004b98                SX126xReadCommand
 .text.SX126xWriteRegisters
                0x0000000000004bec       0x5c .pio/build/cubecell_gps/libFrameworkArduino.a(asr_board.c.o)
                0x0000000000004bec                SX126xWriteRegisters
 .text.SX126xWriteRegister
                0x0000000000004c48       0x12 .pio/build/cubecell_gps/libFrameworkArduino.a(asr_board.c.o)
                0x0000000000004c48                SX126xWriteRegister
 *fill*         0x0000000000004c5a        0x2 
 .text.SX126xReadRegisters
                0x0000000000004c5c       0x64 .pio/build/cubecell_gps/libFrameworkArduino.a(asr_board.c.o)
                0x0000000000004c5c                SX126xReadRegisters
 .text.SX126xReadRegister
                0x0000000000004cc0       0x12 .pio/build/cubecell_gps/libFrameworkArduino.a(asr_board.c.o)
                0x0000000000004cc0                SX126xReadRegister
 *fill*         0x0000000000004cd2        0x2 
 .text.SX126xWriteBuffer
                0x0000000000004cd4       0x54 .pio/build/cubecell_gps/libFrameworkArduino.a(asr_board.c.o)
                0x0000000000004cd4                SX126xWriteBuffer
 .text.SX126xReadBuffer
                0x0000000000004d28       0x5c .pio/build/cubecell_gps/libFrameworkArduino.a(asr_board.c.o)
                0x0000000000004d28                SX126xReadBuffer
 .text.SX126xSetRfTxPower
                0x0000000000004d84        0xa .pio/build/cubecell_gps/libFrameworkArduino.a(asr_board.c.o)
                0x0000000000004d84                SX126xSetRfTxPower
 .text.SX126xGetPaSelect
                0x0000000000004d8e        0x4 .pio/build/cubecell_gps/libFrameworkArduino.a(asr_board.c.o)
                0x0000000000004d8e                SX126xGetPaSelect
 .text.SX126xAntSwOn
                0x0000000000004d92        0x2 .pio/build/cubecell_gps/libFrameworkArduino.a(asr_board.c.o)
                0x0000000000004d92                SX126xAntSwOn
 .text.SX126xAntSwOff
                0x0000000000004d94        0x2 .pio/build/cubecell_gps/libFrameworkArduino.a(asr_board.c.o)
                0x0000000000004d94                SX126xAntSwOff
 .text.BoardDisableIrq
                0x0000000000004d96        0x4 .pio/build/cubecell_gps/libFrameworkArduino.a(asr_board.c.o)
                0x0000000000004d96                BoardDisableIrq
 .text.BoardEnableIrq
                0x0000000000004d9a        0x4 .pio/build/cubecell_gps/libFrameworkArduino.a(asr_board.c.o)
                0x0000000000004d9a                BoardEnableIrq
 *fill*         0x0000000000004d9e        0x2 
 .text.boardInitMcu
                0x0000000000004da0       0x54 .pio/build/cubecell_gps/libFrameworkArduino.a(asr_board.c.o)
                0x0000000000004da0                boardInitMcu
 .text.HW_Get_MFT_ID
                0x0000000000004df4        0x8 .pio/build/cubecell_gps/libFrameworkArduino.a(asr_board.c.o)
                0x0000000000004df4                HW_Get_MFT_ID
 .text.HW_Get_MFT_Model
                0x0000000000004dfc        0x8 .pio/build/cubecell_gps/libFrameworkArduino.a(asr_board.c.o)
                0x0000000000004dfc                HW_Get_MFT_Model
 .text.HW_Get_MFT_Rev
                0x0000000000004e04        0x8 .pio/build/cubecell_gps/libFrameworkArduino.a(asr_board.c.o)
                0x0000000000004e04                HW_Get_MFT_Rev
 .text.HW_Get_MFT_SN
                0x0000000000004e0c       0x24 .pio/build/cubecell_gps/libFrameworkArduino.a(asr_board.c.o)
                0x0000000000004e0c                HW_Get_MFT_SN
 .text.HW_Set_MFT_Baud
                0x0000000000004e30       0x64 .pio/build/cubecell_gps/libFrameworkArduino.a(asr_board.c.o)
                0x0000000000004e30                HW_Set_MFT_Baud
 .text.HW_Get_MFT_Baud
                0x0000000000004e94        0xc .pio/build/cubecell_gps/libFrameworkArduino.a(asr_board.c.o)
                0x0000000000004e94                HW_Get_MFT_Baud
 .text.GpioInit
                0x0000000000004ea0       0x12 .pio/build/cubecell_gps/libFrameworkArduino.a(gpio.c.o)
                0x0000000000004ea0                GpioInit
 .text.GpioSetInterrupt
                0x0000000000004eb2        0x8 .pio/build/cubecell_gps/libFrameworkArduino.a(gpio.c.o)
                0x0000000000004eb2                GpioSetInterrupt
 .text.GpioWrite
                0x0000000000004eba        0x8 .pio/build/cubecell_gps/libFrameworkArduino.a(gpio.c.o)
                0x0000000000004eba                GpioWrite
 .text.GpioRead
                0x0000000000004ec2        0x8 .pio/build/cubecell_gps/libFrameworkArduino.a(gpio.c.o)
                0x0000000000004ec2                GpioRead
 .text.SpiInit  0x0000000000004eca        0x8 .pio/build/cubecell_gps/libFrameworkArduino.a(spi-board.c.o)
                0x0000000000004eca                SpiInit
 *fill*         0x0000000000004ed2        0x2 
 .text.SpiInOut
                0x0000000000004ed4       0x34 .pio/build/cubecell_gps/libFrameworkArduino.a(spi-board.c.o)
                0x0000000000004ed4                SpiInOut
 .text.I2C_1_I2CMasterHandleStatus
                0x0000000000004f08       0x94 .pio/build/cubecell_gps/libFrameworkArduino.a(I2C_1_I2C_MASTER.c.o)
 .text.I2C_1_I2CMasterWaitOneUnit
                0x0000000000004f9c       0x24 .pio/build/cubecell_gps/libFrameworkArduino.a(I2C_1_I2C_MASTER.c.o)
 .text.I2C_1_I2CMasterSendStart
                0x0000000000004fc0       0xbc .pio/build/cubecell_gps/libFrameworkArduino.a(I2C_1_I2C_MASTER.c.o)
                0x0000000000004fc0                I2C_1_I2CMasterSendStart
 .text.I2C_1_I2CMasterSendStop
                0x000000000000507c       0x54 .pio/build/cubecell_gps/libFrameworkArduino.a(I2C_1_I2C_MASTER.c.o)
                0x000000000000507c                I2C_1_I2CMasterSendStop
 .text.I2C_1_I2CMasterWriteByte
                0x00000000000050d0       0x44 .pio/build/cubecell_gps/libFrameworkArduino.a(I2C_1_I2C_MASTER.c.o)
                0x00000000000050d0                I2C_1_I2CMasterWriteByte
 .text.I2C_1_I2CMasterClearReadBuf
                0x0000000000005114       0x24 .pio/build/cubecell_gps/libFrameworkArduino.a(I2C_1_I2C_MASTER.c.o)
                0x0000000000005114                I2C_1_I2CMasterClearReadBuf
 .text.I2C_1_I2CMasterClearWriteBuf
                0x0000000000005138       0x24 .pio/build/cubecell_gps/libFrameworkArduino.a(I2C_1_I2C_MASTER.c.o)
                0x0000000000005138                I2C_1_I2CMasterClearWriteBuf
 .text.I2C_1_I2CMasterClearStatus
                0x000000000000515c       0x20 .pio/build/cubecell_gps/libFrameworkArduino.a(I2C_1_I2C_MASTER.c.o)
                0x000000000000515c                I2C_1_I2CMasterClearStatus
 .text.I2C_I2CMasterHandleStatus
                0x000000000000517c       0x94 .pio/build/cubecell_gps/libFrameworkArduino.a(I2C_I2C_MASTER.c.o)
 .text.I2C_I2CMasterWaitOneUnit
                0x0000000000005210       0x24 .pio/build/cubecell_gps/libFrameworkArduino.a(I2C_I2C_MASTER.c.o)
 .text.I2C_I2CMasterSendStart
                0x0000000000005234       0xbc .pio/build/cubecell_gps/libFrameworkArduino.a(I2C_I2C_MASTER.c.o)
                0x0000000000005234                I2C_I2CMasterSendStart
 .text.I2C_I2CMasterSendStop
                0x00000000000052f0       0x54 .pio/build/cubecell_gps/libFrameworkArduino.a(I2C_I2C_MASTER.c.o)
                0x00000000000052f0                I2C_I2CMasterSendStop
 .text.I2C_I2CMasterWriteByte
                0x0000000000005344       0x44 .pio/build/cubecell_gps/libFrameworkArduino.a(I2C_I2C_MASTER.c.o)
                0x0000000000005344                I2C_I2CMasterWriteByte
 .text.I2C_I2CMasterClearReadBuf
                0x0000000000005388       0x24 .pio/build/cubecell_gps/libFrameworkArduino.a(I2C_I2C_MASTER.c.o)
                0x0000000000005388                I2C_I2CMasterClearReadBuf
 .text.I2C_I2CMasterClearWriteBuf
                0x00000000000053ac       0x24 .pio/build/cubecell_gps/libFrameworkArduino.a(I2C_I2C_MASTER.c.o)
                0x00000000000053ac                I2C_I2CMasterClearWriteBuf
 .text.I2C_I2CMasterClearStatus
                0x00000000000053d0       0x20 .pio/build/cubecell_gps/libFrameworkArduino.a(I2C_I2C_MASTER.c.o)
                0x00000000000053d0                I2C_I2CMasterClearStatus
 .text.PWM1_Stop
                0x00000000000053f0       0x34 .pio/build/cubecell_gps/libFrameworkArduino.a(PWM1.c.o)
                0x00000000000053f0                PWM1_Stop
 .text.PWM2_Stop
                0x0000000000005424       0x34 .pio/build/cubecell_gps/libFrameworkArduino.a(PWM2.c.o)
                0x0000000000005424                PWM2_Stop
 .text._ZN5Print5writeEPKhj
                0x0000000000005458       0x22 .pio/build/cubecell_gps/libFrameworkArduino.a(Print.cpp.o)
                0x0000000000005458                Print::write(unsigned char const*, unsigned int)
 .text._ZN5Print5writeEPKc
                0x000000000000547a       0x1c .pio/build/cubecell_gps/libFrameworkArduino.a(Print.cpp.o)
                0x000000000000547a                Print::write(char const*)
 .text._ZN5Print6printfEPKcz
                0x0000000000005496       0x5a .pio/build/cubecell_gps/libFrameworkArduino.a(Print.cpp.o)
                0x0000000000005496                Print::printf(char const*, ...)
 .text._ZN5Print5printEPKc
                0x00000000000054f0        0x8 .pio/build/cubecell_gps/libFrameworkArduino.a(Print.cpp.o)
                0x00000000000054f0                Print::print(char const*)
 .text._ZN5Print7printlnEv
                0x00000000000054f8       0x10 .pio/build/cubecell_gps/libFrameworkArduino.a(Print.cpp.o)
                0x00000000000054f8                Print::println()
 .text._ZN5Print7printlnEPKc
                0x0000000000005508       0x14 .pio/build/cubecell_gps/libFrameworkArduino.a(Print.cpp.o)
                0x0000000000005508                Print::println(char const*)
 .text._ZN6Stream9timedReadEv
                0x000000000000551c       0x2a .pio/build/cubecell_gps/libFrameworkArduino.a(Stream.cpp.o)
                0x000000000000551c                Stream::timedRead()
 .text._ZN6Stream9readBytesEPcj
                0x0000000000005546       0x22 .pio/build/cubecell_gps/libFrameworkArduino.a(Stream.cpp.o)
                0x0000000000005546                Stream::readBytes(char*, unsigned int)
 .text._ZN6Stream10readStringEv
                0x0000000000005568       0x28 .pio/build/cubecell_gps/libFrameworkArduino.a(Stream.cpp.o)
                0x0000000000005568                Stream::readString()
 .text._ZN6StringD2Ev
                0x0000000000005590       0x12 .pio/build/cubecell_gps/libFrameworkArduino.a(WString.cpp.o)
                0x0000000000005590                String::~String()
                0x0000000000005590                String::~String()
 .text._ZN6String10invalidateEv
                0x00000000000055a2       0x18 .pio/build/cubecell_gps/libFrameworkArduino.a(WString.cpp.o)
                0x00000000000055a2                String::invalidate()
 .text._ZN6String12changeBufferEj
                0x00000000000055ba       0x3a .pio/build/cubecell_gps/libFrameworkArduino.a(WString.cpp.o)
                0x00000000000055ba                String::changeBuffer(unsigned int)
 .text._ZN6String7reserveEj
                0x00000000000055f4       0x2a .pio/build/cubecell_gps/libFrameworkArduino.a(WString.cpp.o)
                0x00000000000055f4                String::reserve(unsigned int)
 .text._ZN6String4copyEPKcj
                0x000000000000561e       0x28 .pio/build/cubecell_gps/libFrameworkArduino.a(WString.cpp.o)
                0x000000000000561e                String::copy(char const*, unsigned int)
 .text._ZN6StringC2EPKc
                0x0000000000005646       0x26 .pio/build/cubecell_gps/libFrameworkArduino.a(WString.cpp.o)
                0x0000000000005646                String::String(char const*)
                0x0000000000005646                String::String(char const*)
 .text._ZN6StringaSERKS_
                0x000000000000566c       0x20 .pio/build/cubecell_gps/libFrameworkArduino.a(WString.cpp.o)
                0x000000000000566c                String::operator=(String const&)
 .text._ZN6StringC2ERKS_
                0x000000000000568c       0x14 .pio/build/cubecell_gps/libFrameworkArduino.a(WString.cpp.o)
                0x000000000000568c                String::String(String const&)
                0x000000000000568c                String::String(String const&)
 .text._ZN6StringaSEPKc
                0x00000000000056a0       0x22 .pio/build/cubecell_gps/libFrameworkArduino.a(WString.cpp.o)
                0x00000000000056a0                String::operator=(char const*)
 .text._ZN6StringC2Eih
                0x00000000000056c2       0x24 .pio/build/cubecell_gps/libFrameworkArduino.a(WString.cpp.o)
                0x00000000000056c2                String::String(int, unsigned char)
                0x00000000000056c2                String::String(int, unsigned char)
 .text._ZN6String6concatEPKcj
                0x00000000000056e6       0x32 .pio/build/cubecell_gps/libFrameworkArduino.a(WString.cpp.o)
                0x00000000000056e6                String::concat(char const*, unsigned int)
 .text._ZN6String6concatEc
                0x0000000000005718       0x16 .pio/build/cubecell_gps/libFrameworkArduino.a(WString.cpp.o)
                0x0000000000005718                String::concat(char)
 .text._ZplRK15StringSumHelperRK6String
                0x000000000000572e       0x1a .pio/build/cubecell_gps/libFrameworkArduino.a(WString.cpp.o)
                0x000000000000572e                operator+(StringSumHelper const&, String const&)
 .text._ZplRK15StringSumHelperPKc
                0x0000000000005748       0x28 .pio/build/cubecell_gps/libFrameworkArduino.a(WString.cpp.o)
                0x0000000000005748                operator+(StringSumHelper const&, char const*)
 .text._ZNK6String8getBytesEPhjj
                0x0000000000005770       0x34 .pio/build/cubecell_gps/libFrameworkArduino.a(WString.cpp.o)
                0x0000000000005770                String::getBytes(unsigned char*, unsigned int, unsigned int) const
 .text.global_irq_SetPriority
                0x00000000000057a4       0x20 .pio/build/cubecell_gps/libFrameworkArduino.a(irq.c.o)
                0x00000000000057a4                global_irq_SetPriority
 .text.global_irq_StartEx
                0x00000000000057c4       0x24 .pio/build/cubecell_gps/libFrameworkArduino.a(irq.c.o)
                0x00000000000057c4                global_irq_StartEx
 .text.global_irq_Disable
                0x00000000000057e8        0xc .pio/build/cubecell_gps/libFrameworkArduino.a(irq.c.o)
                0x00000000000057e8                global_irq_Disable
 .text.RadioCheckRfFrequency
                0x00000000000057f4        0x4 .pio/build/cubecell_gps/libFrameworkArduino.a(radio.c.o)
                0x00000000000057f4                RadioCheckRfFrequency
 .text.RadioOnDioIrq
                0x00000000000057f8        0xc .pio/build/cubecell_gps/libFrameworkArduino.a(radio.c.o)
                0x00000000000057f8                RadioOnDioIrq
 .text.RadioStandby
                0x0000000000005804        0xa .pio/build/cubecell_gps/libFrameworkArduino.a(radio.c.o)
                0x0000000000005804                RadioStandby
 *fill*         0x000000000000580e        0x2 
 .text.RadioInit
                0x0000000000005810       0x6c .pio/build/cubecell_gps/libFrameworkArduino.a(radio.c.o)
                0x0000000000005810                RadioInit
 .text.RadioGetStatus
                0x000000000000587c       0x1a .pio/build/cubecell_gps/libFrameworkArduino.a(radio.c.o)
                0x000000000000587c                RadioGetStatus
 .text.RadioSetChannel
                0x0000000000005896        0x8 .pio/build/cubecell_gps/libFrameworkArduino.a(radio.c.o)
                0x0000000000005896                RadioSetChannel
 .text.RadioRssi
                0x000000000000589e        0xa .pio/build/cubecell_gps/libFrameworkArduino.a(radio.c.o)
                0x000000000000589e                RadioRssi
 .text.RadioSyncWord
                0x00000000000058a8       0x10 .pio/build/cubecell_gps/libFrameworkArduino.a(radio.c.o)
                0x00000000000058a8                RadioSyncWord
 .text.RadioSend
                0x00000000000058b8       0x58 .pio/build/cubecell_gps/libFrameworkArduino.a(radio.c.o)
                0x00000000000058b8                RadioSend
 .text.RadioSleep
                0x0000000000005910       0x10 .pio/build/cubecell_gps/libFrameworkArduino.a(radio.c.o)
                0x0000000000005910                RadioSleep
 .text.RadioSetRxDutyCycle
                0x0000000000005920        0x8 .pio/build/cubecell_gps/libFrameworkArduino.a(radio.c.o)
                0x0000000000005920                RadioSetRxDutyCycle
 .text.RadioStartCad
                0x0000000000005928       0x64 .pio/build/cubecell_gps/libFrameworkArduino.a(radio.c.o)
                0x0000000000005928                RadioStartCad
 .text.RadioSetTxContinuousWave
                0x000000000000598c       0x44 .pio/build/cubecell_gps/libFrameworkArduino.a(radio.c.o)
                0x000000000000598c                RadioSetTxContinuousWave
 .text.RadioWrite
                0x00000000000059d0        0x8 .pio/build/cubecell_gps/libFrameworkArduino.a(radio.c.o)
                0x00000000000059d0                RadioWrite
 .text.RadioRead
                0x00000000000059d8        0x8 .pio/build/cubecell_gps/libFrameworkArduino.a(radio.c.o)
                0x00000000000059d8                RadioRead
 .text.RadioWriteBuffer
                0x00000000000059e0        0x8 .pio/build/cubecell_gps/libFrameworkArduino.a(radio.c.o)
                0x00000000000059e0                RadioWriteBuffer
 .text.RadioReadBuffer
                0x00000000000059e8        0x8 .pio/build/cubecell_gps/libFrameworkArduino.a(radio.c.o)
                0x00000000000059e8                RadioReadBuffer
 .text.RadioGetWakeupTime
                0x00000000000059f0        0xa .pio/build/cubecell_gps/libFrameworkArduino.a(radio.c.o)
                0x00000000000059f0                RadioGetWakeupTime
 *fill*         0x00000000000059fa        0x2 
 .text.RadioOnTxTimeoutIrq
                0x00000000000059fc       0x20 .pio/build/cubecell_gps/libFrameworkArduino.a(radio.c.o)
                0x00000000000059fc                RadioOnTxTimeoutIrq
 .text.RadioOnRxTimeoutIrq
                0x0000000000005a1c       0x20 .pio/build/cubecell_gps/libFrameworkArduino.a(radio.c.o)
                0x0000000000005a1c                RadioOnRxTimeoutIrq
 .text.RadioOnCadTimeoutIrq
                0x0000000000005a3c       0x20 .pio/build/cubecell_gps/libFrameworkArduino.a(radio.c.o)
                0x0000000000005a3c                RadioOnCadTimeoutIrq
 .text.RadioGetFskBandwidthRegValue
                0x0000000000005a5c       0x34 .pio/build/cubecell_gps/libFrameworkArduino.a(radio.c.o)
 .text.RadioSetMaxPayloadLength
                0x0000000000005a90       0x38 .pio/build/cubecell_gps/libFrameworkArduino.a(radio.c.o)
                0x0000000000005a90                RadioSetMaxPayloadLength
 .text.RadioRx  0x0000000000005ac8       0x54 .pio/build/cubecell_gps/libFrameworkArduino.a(radio.c.o)
                0x0000000000005ac8                RadioRx
 .text.RadioRxBoosted
                0x0000000000005b1c       0x48 .pio/build/cubecell_gps/libFrameworkArduino.a(radio.c.o)
                0x0000000000005b1c                RadioRxBoosted
 .text.RadioIrqProcess
                0x0000000000005b64      0x13c .pio/build/cubecell_gps/libFrameworkArduino.a(radio.c.o)
                0x0000000000005b64                RadioIrqProcess
 .text.RadioSetPublicNetwork
                0x0000000000005ca0       0x40 .pio/build/cubecell_gps/libFrameworkArduino.a(radio.c.o)
                0x0000000000005ca0                RadioSetPublicNetwork
 .text.RadioSetModem.part.0
                0x0000000000005ce0       0x20 .pio/build/cubecell_gps/libFrameworkArduino.a(radio.c.o)
 .text.RadioSetModem
                0x0000000000005d00       0x20 .pio/build/cubecell_gps/libFrameworkArduino.a(radio.c.o)
                0x0000000000005d00                RadioSetModem
 .text.RadioIsChannelFree
                0x0000000000005d20       0x50 .pio/build/cubecell_gps/libFrameworkArduino.a(radio.c.o)
                0x0000000000005d20                RadioIsChannelFree
 .text.RadioRandom
                0x0000000000005d70       0x38 .pio/build/cubecell_gps/libFrameworkArduino.a(radio.c.o)
                0x0000000000005d70                RadioRandom
 .text.RadioSymbTime
                0x0000000000005da8       0x2c .pio/build/cubecell_gps/libFrameworkArduino.a(radio.c.o)
                0x0000000000005da8                RadioSymbTime
 .text.RadioSetRxConfig
                0x0000000000005dd4      0x23c .pio/build/cubecell_gps/libFrameworkArduino.a(radio.c.o)
                0x0000000000005dd4                RadioSetRxConfig
 .text.RadioSetTxConfig
                0x0000000000006010      0x1c4 .pio/build/cubecell_gps/libFrameworkArduino.a(radio.c.o)
                0x0000000000006010                RadioSetTxConfig
 .text.RadioTimeOnAir
                0x00000000000061d4      0x198 .pio/build/cubecell_gps/libFrameworkArduino.a(radio.c.o)
                0x00000000000061d4                RadioTimeOnAir
 .text.SX126xGetOperatingMode
                0x000000000000636c        0xc .pio/build/cubecell_gps/libFrameworkArduino.a(sx126x.c.o)
                0x000000000000636c                SX126xGetOperatingMode
 .text.SX126xSetOperatingMode
                0x0000000000006378        0xc .pio/build/cubecell_gps/libFrameworkArduino.a(sx126x.c.o)
                0x0000000000006378                SX126xSetOperatingMode
 .text.SX126xCheckDeviceReady
                0x0000000000006384       0x24 .pio/build/cubecell_gps/libFrameworkArduino.a(sx126x.c.o)
                0x0000000000006384                SX126xCheckDeviceReady
 .text.SX126xSetPayload
                0x00000000000063a8        0xe .pio/build/cubecell_gps/libFrameworkArduino.a(sx126x.c.o)
                0x00000000000063a8                SX126xSetPayload
 .text.SX126xSetSyncWord
                0x00000000000063b6       0x10 .pio/build/cubecell_gps/libFrameworkArduino.a(sx126x.c.o)
                0x00000000000063b6                SX126xSetSyncWord
 *fill*         0x00000000000063c6        0x2 
 .text.SX126xSetCrcSeed
                0x00000000000063c8       0x24 .pio/build/cubecell_gps/libFrameworkArduino.a(sx126x.c.o)
                0x00000000000063c8                SX126xSetCrcSeed
 .text.SX126xSetCrcPolynomial
                0x00000000000063ec       0x24 .pio/build/cubecell_gps/libFrameworkArduino.a(sx126x.c.o)
                0x00000000000063ec                SX126xSetCrcPolynomial
 .text.SX126xSetWhiteningSeed
                0x0000000000006410       0x3c .pio/build/cubecell_gps/libFrameworkArduino.a(sx126x.c.o)
                0x0000000000006410                SX126xSetWhiteningSeed
 .text.SX126xSetSleep
                0x000000000000644c       0x20 .pio/build/cubecell_gps/libFrameworkArduino.a(sx126x.c.o)
                0x000000000000644c                SX126xSetSleep
 .text.SX126xSetStandby
                0x000000000000646c       0x28 .pio/build/cubecell_gps/libFrameworkArduino.a(sx126x.c.o)
                0x000000000000646c                SX126xSetStandby
 .text.SX126xSetTx
                0x0000000000006494       0x24 .pio/build/cubecell_gps/libFrameworkArduino.a(sx126x.c.o)
                0x0000000000006494                SX126xSetTx
 .text.SX126xSendPayload
                0x00000000000064b8       0x10 .pio/build/cubecell_gps/libFrameworkArduino.a(sx126x.c.o)
                0x00000000000064b8                SX126xSendPayload
 .text.SX126xSetRx
                0x00000000000064c8       0x24 .pio/build/cubecell_gps/libFrameworkArduino.a(sx126x.c.o)
                0x00000000000064c8                SX126xSetRx
 .text.SX126xSetRxBoosted
                0x00000000000064ec       0x30 .pio/build/cubecell_gps/libFrameworkArduino.a(sx126x.c.o)
                0x00000000000064ec                SX126xSetRxBoosted
 .text.SX126xSetRxDutyCycle
                0x000000000000651c       0x2c .pio/build/cubecell_gps/libFrameworkArduino.a(sx126x.c.o)
                0x000000000000651c                SX126xSetRxDutyCycle
 .text.SX126xSetCad
                0x0000000000006548       0x18 .pio/build/cubecell_gps/libFrameworkArduino.a(sx126x.c.o)
                0x0000000000006548                SX126xSetCad
 .text.SX126xSetTxContinuousWave
                0x0000000000006560        0xe .pio/build/cubecell_gps/libFrameworkArduino.a(sx126x.c.o)
                0x0000000000006560                SX126xSetTxContinuousWave
 .text.SX126xSetStopRxTimerOnPreambleDetect
                0x000000000000656e       0x12 .pio/build/cubecell_gps/libFrameworkArduino.a(sx126x.c.o)
                0x000000000000656e                SX126xSetStopRxTimerOnPreambleDetect
 .text.SX126xSetLoRaSymbNumTimeout
                0x0000000000006580       0x12 .pio/build/cubecell_gps/libFrameworkArduino.a(sx126x.c.o)
                0x0000000000006580                SX126xSetLoRaSymbNumTimeout
 .text.SX126xSetRegulatorMode
                0x0000000000006592       0x12 .pio/build/cubecell_gps/libFrameworkArduino.a(sx126x.c.o)
                0x0000000000006592                SX126xSetRegulatorMode
 .text.SX126xCalibrate
                0x00000000000065a4       0x10 .pio/build/cubecell_gps/libFrameworkArduino.a(sx126x.c.o)
                0x00000000000065a4                SX126xCalibrate
 .text.SX126xCalibrateImage
                0x00000000000065b4       0x68 .pio/build/cubecell_gps/libFrameworkArduino.a(sx126x.c.o)
                0x00000000000065b4                SX126xCalibrateImage
 .text.SX126xSetPaConfig
                0x000000000000661c       0x18 .pio/build/cubecell_gps/libFrameworkArduino.a(sx126x.c.o)
                0x000000000000661c                SX126xSetPaConfig
 .text.SX126xSetDioIrqParams
                0x0000000000006634       0x20 .pio/build/cubecell_gps/libFrameworkArduino.a(sx126x.c.o)
                0x0000000000006634                SX126xSetDioIrqParams
 .text.SX126xGetIrqStatus
                0x0000000000006654       0x1a .pio/build/cubecell_gps/libFrameworkArduino.a(sx126x.c.o)
                0x0000000000006654                SX126xGetIrqStatus
 .text.SX126xSetDio2AsRfSwitchCtrl
                0x000000000000666e       0x12 .pio/build/cubecell_gps/libFrameworkArduino.a(sx126x.c.o)
                0x000000000000666e                SX126xSetDio2AsRfSwitchCtrl
 .text.SX126xSetDio3AsTcxoCtrl
                0x0000000000006680       0x1e .pio/build/cubecell_gps/libFrameworkArduino.a(sx126x.c.o)
                0x0000000000006680                SX126xSetDio3AsTcxoCtrl
 *fill*         0x000000000000669e        0x2 
 .text.SX126xInit
                0x00000000000066a0       0x4c .pio/build/cubecell_gps/libFrameworkArduino.a(sx126x.c.o)
                0x00000000000066a0                SX126xInit
 .text.SX126xSetRfFrequency
                0x00000000000066ec       0x40 .pio/build/cubecell_gps/libFrameworkArduino.a(sx126x.c.o)
                0x00000000000066ec                SX126xSetRfFrequency
 .text.SX126xSetPacketType
                0x000000000000672c       0x1c .pio/build/cubecell_gps/libFrameworkArduino.a(sx126x.c.o)
                0x000000000000672c                SX126xSetPacketType
 .text.SX126xGetPacketType
                0x0000000000006748        0xc .pio/build/cubecell_gps/libFrameworkArduino.a(sx126x.c.o)
                0x0000000000006748                SX126xGetPacketType
 .text.SX126xSetTxParams
                0x0000000000006754       0xb4 .pio/build/cubecell_gps/libFrameworkArduino.a(sx126x.c.o)
                0x0000000000006754                SX126xSetTxParams
 .text.SX126xSetModulationParams
                0x0000000000006808       0xa0 .pio/build/cubecell_gps/libFrameworkArduino.a(sx126x.c.o)
                0x0000000000006808                SX126xSetModulationParams
 .text.SX126xSetPacketParams
                0x00000000000068a8       0xa8 .pio/build/cubecell_gps/libFrameworkArduino.a(sx126x.c.o)
                0x00000000000068a8                SX126xSetPacketParams
 .text.SX126xSetCadParams
                0x0000000000006950       0x30 .pio/build/cubecell_gps/libFrameworkArduino.a(sx126x.c.o)
                0x0000000000006950                SX126xSetCadParams
 .text.SX126xSetBufferBaseAddress
                0x0000000000006980       0x14 .pio/build/cubecell_gps/libFrameworkArduino.a(sx126x.c.o)
                0x0000000000006980                SX126xSetBufferBaseAddress
 .text.SX126xGetRssiInst
                0x0000000000006994       0x16 .pio/build/cubecell_gps/libFrameworkArduino.a(sx126x.c.o)
                0x0000000000006994                SX126xGetRssiInst
 *fill*         0x00000000000069aa        0x2 
 .text.SX126xGetRxBufferStatus
                0x00000000000069ac       0x4c .pio/build/cubecell_gps/libFrameworkArduino.a(sx126x.c.o)
                0x00000000000069ac                SX126xGetRxBufferStatus
 .text.SX126xGetPayload
                0x00000000000069f8       0x2c .pio/build/cubecell_gps/libFrameworkArduino.a(sx126x.c.o)
                0x00000000000069f8                SX126xGetPayload
 .text.SX126xGetPacketStatus
                0x0000000000006a24       0x78 .pio/build/cubecell_gps/libFrameworkArduino.a(sx126x.c.o)
                0x0000000000006a24                SX126xGetPacketStatus
 .text.SX126xClearIrqStatus
                0x0000000000006a9c       0x12 .pio/build/cubecell_gps/libFrameworkArduino.a(sx126x.c.o)
                0x0000000000006a9c                SX126xClearIrqStatus
 *fill*         0x0000000000006aae        0x2 
 .text.DelayMs  0x0000000000006ab0       0x10 .pio/build/cubecell_gps/libFrameworkArduino.a(delay.c.o)
                0x0000000000006ab0                DelayMs
 .text.lowPowerHandler
                0x0000000000006ac0       0x6c .pio/build/cubecell_gps/libFrameworkArduino.a(low_power.c.o)
                0x0000000000006ac0                lowPowerHandler
 .text.rand1    0x0000000000006b2c       0x2c .pio/build/cubecell_gps/libFrameworkArduino.a(utilities.c.o)
                0x0000000000006b2c                rand1
 .text.startup.main
                0x0000000000006b58       0x10 .pio/build/cubecell_gps/libFrameworkArduino.a(main.cpp.o)
                0x0000000000006b58                main
 .text          0x0000000000006b68       0x28 .pio/build/cubecell_gps/libFrameworkArduino.a(port_s.S.o)
                0x0000000000006b68                cpu_intrpt_save
                0x0000000000006b70                cpu_intrpt_restore
                0x0000000000006b76                cpu_task_switch
                0x0000000000006b7e                cpu_intrpt_switch
 .text.printchar
                0x0000000000006b90       0x26 .pio/build/cubecell_gps/libFrameworkArduino.a(printf.c.o)
 .text.prints   0x0000000000006bb6       0x8e .pio/build/cubecell_gps/libFrameworkArduino.a(printf.c.o)
 .text.printi   0x0000000000006c44       0xfc .pio/build/cubecell_gps/libFrameworkArduino.a(printf.c.o)
 .text.tiny_print
                0x0000000000006d40      0x1d8 .pio/build/cubecell_gps/libFrameworkArduino.a(printf.c.o)
 .text.__wrap_sprintf
                0x0000000000006f18       0x1c .pio/build/cubecell_gps/libFrameworkArduino.a(printf.c.o)
                0x0000000000006f18                __wrap_sprintf
 .text.IntDefaultHandler
                0x0000000000006f34       0x10 .pio/build/cubecell_gps/libFrameworkArduino.a(Cm0plusStart.c.o)
                0x0000000000006f34                IntDefaultHandler
 .text._exit    0x0000000000006f44        0xa .pio/build/cubecell_gps/libFrameworkArduino.a(Cm0plusStart.c.o)
                0x0000000000006f44                _exit
 *fill*         0x0000000000006f4e        0x2 
 .text._sbrk    0x0000000000006f50       0x30 .pio/build/cubecell_gps/libFrameworkArduino.a(Cm0plusStart.c.o)
                0x0000000000006f50                _sbrk
 .text.Start_c  0x0000000000006f80       0x48 .pio/build/cubecell_gps/libFrameworkArduino.a(Cm0plusStart.c.o)
                0x0000000000006f80                Start_c
 .text.startup.initialize_psoc
                0x0000000000006fc8       0x48 .pio/build/cubecell_gps/libFrameworkArduino.a(Cm0plusStart.c.o)
                0x0000000000006fc8                initialize_psoc
 .text          0x0000000000007010       0x20 .pio/build/cubecell_gps/libFrameworkArduino.a(CyBootAsmGnu.S.o)
                0x0000000000007010                CyDelayCycles
                0x0000000000007022                CyEnterCriticalSection
                0x000000000000702a                CyExitCriticalSection
 .text.CySysFlashSetWaitCycles
                0x0000000000007030       0x54 .pio/build/cubecell_gps/libFrameworkArduino.a(CyFlash.c.o)
                0x0000000000007030                CySysFlashSetWaitCycles
 .text.CySysClkWcoSetHighPowerMode
                0x0000000000007084       0x38 .pio/build/cubecell_gps/libFrameworkArduino.a(CyLFClk.c.o)
 .text.CySysClkWcoStart
                0x00000000000070bc       0x18 .pio/build/cubecell_gps/libFrameworkArduino.a(CyLFClk.c.o)
                0x00000000000070bc                CySysClkWcoStart
 .text.CySysClkWcoEnabled
                0x00000000000070d4        0xc .pio/build/cubecell_gps/libFrameworkArduino.a(CyLFClk.c.o)
                0x00000000000070d4                CySysClkWcoEnabled
 .text.CySysWdtDisable
                0x00000000000070e0       0x10 .pio/build/cubecell_gps/libFrameworkArduino.a(CyLFClk.c.o)
                0x00000000000070e0                CySysWdtDisable
 .text.CySysClkSetTimerSource
                0x00000000000070f0       0x60 .pio/build/cubecell_gps/libFrameworkArduino.a(CyLFClk.c.o)
                0x00000000000070f0                CySysClkSetTimerSource
 .text.CySysTimerGetEnabledStatus
                0x0000000000007150       0x24 .pio/build/cubecell_gps/libFrameworkArduino.a(CyLFClk.c.o)
                0x0000000000007150                CySysTimerGetEnabledStatus
 .text.CySysTimerSetMode
                0x0000000000007174       0x40 .pio/build/cubecell_gps/libFrameworkArduino.a(CyLFClk.c.o)
                0x0000000000007174                CySysTimerSetMode
 .text.CySysTimerSetClearOnMatch
                0x00000000000071b4       0x34 .pio/build/cubecell_gps/libFrameworkArduino.a(CyLFClk.c.o)
                0x00000000000071b4                CySysTimerSetClearOnMatch
 .text.CySysTimerEnable
                0x00000000000071e8       0x38 .pio/build/cubecell_gps/libFrameworkArduino.a(CyLFClk.c.o)
                0x00000000000071e8                CySysTimerEnable
 .text.CySysTimerDisable
                0x0000000000007220       0x38 .pio/build/cubecell_gps/libFrameworkArduino.a(CyLFClk.c.o)
                0x0000000000007220                CySysTimerDisable
 .text.CySysTimerSetCascade
                0x0000000000007258       0x34 .pio/build/cubecell_gps/libFrameworkArduino.a(CyLFClk.c.o)
                0x0000000000007258                CySysTimerSetCascade
 .text.CySysTimerSetMatch
                0x000000000000728c       0x50 .pio/build/cubecell_gps/libFrameworkArduino.a(CyLFClk.c.o)
                0x000000000000728c                CySysTimerSetMatch
 .text.CySysTimerSetToggleBit
                0x00000000000072dc       0x2c .pio/build/cubecell_gps/libFrameworkArduino.a(CyLFClk.c.o)
                0x00000000000072dc                CySysTimerSetToggleBit
 .text.CySysTimerGetCount
                0x0000000000007308       0x38 .pio/build/cubecell_gps/libFrameworkArduino.a(CyLFClk.c.o)
                0x0000000000007308                CySysTimerGetCount
 .text.CySysTimerClearInterrupt
                0x0000000000007340       0x2c .pio/build/cubecell_gps/libFrameworkArduino.a(CyLFClk.c.o)
                0x0000000000007340                CySysTimerClearInterrupt
 .text.CySysTimerSetInterruptCallback
                0x000000000000736c       0x24 .pio/build/cubecell_gps/libFrameworkArduino.a(CyLFClk.c.o)
                0x000000000000736c                CySysTimerSetInterruptCallback
 .text.CySysTimerEnableIsr
                0x0000000000007390       0x34 .pio/build/cubecell_gps/libFrameworkArduino.a(CyLFClk.c.o)
                0x0000000000007390                CySysTimerEnableIsr
 .text.CySysTimerDisableIsr
                0x00000000000073c4       0x28 .pio/build/cubecell_gps/libFrameworkArduino.a(CyLFClk.c.o)
                0x00000000000073c4                CySysTimerDisableIsr
 .text.CySysTimerIsr
                0x00000000000073ec       0xa0 .pio/build/cubecell_gps/libFrameworkArduino.a(CyLFClk.c.o)
                0x00000000000073ec                CySysTimerIsr
 .text.CySysTimerResetCounters
                0x000000000000748c       0x1c .pio/build/cubecell_gps/libFrameworkArduino.a(CyLFClk.c.o)
                0x000000000000748c                CySysTimerResetCounters
 .text.CySysClkImoDisableWcoLock
                0x00000000000074a8       0x14 .pio/build/cubecell_gps/libFrameworkArduino.a(CyLib.c.o)
                0x00000000000074a8                CySysClkImoDisableWcoLock
 .text.CySysClkImoGetWcoLock
                0x00000000000074bc       0x10 .pio/build/cubecell_gps/libFrameworkArduino.a(CyLib.c.o)
                0x00000000000074bc                CySysClkImoGetWcoLock
 .text.CySysClkWriteHfclkDirect
                0x00000000000074cc       0x74 .pio/build/cubecell_gps/libFrameworkArduino.a(CyLib.c.o)
                0x00000000000074cc                CySysClkWriteHfclkDirect
 .text.CyIntSetVector
                0x0000000000007540       0x18 .pio/build/cubecell_gps/libFrameworkArduino.a(CyLib.c.o)
                0x0000000000007540                CyIntSetVector
 .text.CyIntSetPriority
                0x0000000000007558       0x40 .pio/build/cubecell_gps/libFrameworkArduino.a(CyLib.c.o)
                0x0000000000007558                CyIntSetPriority
 .text.CyIntEnable
                0x0000000000007598       0x14 .pio/build/cubecell_gps/libFrameworkArduino.a(CyLib.c.o)
                0x0000000000007598                CyIntEnable
 .text.CyIntDisable
                0x00000000000075ac       0x14 .pio/build/cubecell_gps/libFrameworkArduino.a(CyLib.c.o)
                0x00000000000075ac                CyIntDisable
 .text.CyIntClearPending
                0x00000000000075c0       0x14 .pio/build/cubecell_gps/libFrameworkArduino.a(CyLib.c.o)
                0x00000000000075c0                CyIntClearPending
 .text.CyHalt   0x00000000000075d4        0x4 .pio/build/cubecell_gps/libFrameworkArduino.a(CyLib.c.o)
                0x00000000000075d4                CyHalt
 .text.CyDelay  0x00000000000075d8       0x2c .pio/build/cubecell_gps/libFrameworkArduino.a(CyLib.c.o)
                0x00000000000075d8                CyDelay
 .text.CySysClkImoEnableWcoLock
                0x0000000000007604       0xbc .pio/build/cubecell_gps/libFrameworkArduino.a(CyLib.c.o)
                0x0000000000007604                CySysClkImoEnableWcoLock
 .text.CySysClkWriteImoFreq
                0x00000000000076c0       0xb8 .pio/build/cubecell_gps/libFrameworkArduino.a(CyLib.c.o)
                0x00000000000076c0                CySysClkWriteImoFreq
 .text.CyDelayUs
                0x0000000000007778       0x14 .pio/build/cubecell_gps/libFrameworkArduino.a(CyLib.c.o)
                0x0000000000007778                CyDelayUs
 .text.CySysTickInit
                0x000000000000778c       0x54 .pio/build/cubecell_gps/libFrameworkArduino.a(CyLib.c.o)
                0x000000000000778c                CySysTickInit
 .text.CySysTickStop
                0x00000000000077e0       0x10 .pio/build/cubecell_gps/libFrameworkArduino.a(CyLib.c.o)
                0x00000000000077e0                CySysTickStop
 .text.CySysTickEnableInterrupt
                0x00000000000077f0       0x10 .pio/build/cubecell_gps/libFrameworkArduino.a(CyLib.c.o)
                0x00000000000077f0                CySysTickEnableInterrupt
 .text.CySysTickEnable
                0x0000000000007800       0x18 .pio/build/cubecell_gps/libFrameworkArduino.a(CyLib.c.o)
                0x0000000000007800                CySysTickEnable
 .text.CySysTickStart
                0x0000000000007818       0x1c .pio/build/cubecell_gps/libFrameworkArduino.a(CyLib.c.o)
                0x0000000000007818                CySysTickStart
 .text.CySysTickDisableInterrupt
                0x0000000000007834       0x10 .pio/build/cubecell_gps/libFrameworkArduino.a(CyLib.c.o)
                0x0000000000007834                CySysTickDisableInterrupt
 .text.CySysTickGetCountFlag
                0x0000000000007844       0x10 .pio/build/cubecell_gps/libFrameworkArduino.a(CyLib.c.o)
                0x0000000000007844                CySysTickGetCountFlag
 .text.CySysTickServiceCallbacks
                0x0000000000007854       0x24 .pio/build/cubecell_gps/libFrameworkArduino.a(CyLib.c.o)
 .text.CySysTickSetCallback
                0x0000000000007878       0x10 .pio/build/cubecell_gps/libFrameworkArduino.a(CyLib.c.o)
                0x0000000000007878                CySysTickSetCallback
 .text.CyGetUniqueId
                0x0000000000007888       0x70 .pio/build/cubecell_gps/libFrameworkArduino.a(CyLib.c.o)
                0x0000000000007888                CyGetUniqueId
 .text.SPI_1_Enable
                0x00000000000078f8       0x18 .pio/build/cubecell_gps/libFrameworkArduino.a(SPI_1.c.o)
                0x00000000000078f8                SPI_1_Enable
 .text.SPI_1_Start
                0x0000000000007910       0x1c .pio/build/cubecell_gps/libFrameworkArduino.a(SPI_1.c.o)
                0x0000000000007910                SPI_1_Start
 .text.SPI_1_Stop
                0x000000000000792c       0x20 .pio/build/cubecell_gps/libFrameworkArduino.a(SPI_1.c.o)
                0x000000000000792c                SPI_1_Stop
 .text.SPI_1_SpiPostEnable
                0x000000000000794c       0x14 .pio/build/cubecell_gps/libFrameworkArduino.a(SPI_1_SPI.c.o)
                0x000000000000794c                SPI_1_SpiPostEnable
 .text.SPI_1_SpiStop
                0x0000000000007960       0x18 .pio/build/cubecell_gps/libFrameworkArduino.a(SPI_1_SPI.c.o)
                0x0000000000007960                SPI_1_SpiStop
 .text.SPI_1_SpiSetActiveSlaveSelect
                0x0000000000007978       0x20 .pio/build/cubecell_gps/libFrameworkArduino.a(SPI_1_SPI.c.o)
                0x0000000000007978                SPI_1_SpiSetActiveSlaveSelect
 .text.SPI_1_SpiInit
                0x0000000000007998       0x88 .pio/build/cubecell_gps/libFrameworkArduino.a(SPI_1_SPI.c.o)
                0x0000000000007998                SPI_1_SpiInit
 .text.SPI_1_SpiUartReadRxData
                0x0000000000007a20        0xc .pio/build/cubecell_gps/libFrameworkArduino.a(SPI_1_SPI_UART.c.o)
                0x0000000000007a20                SPI_1_SpiUartReadRxData
 .text.SPI_1_SpiUartGetRxBufferSize
                0x0000000000007a2c       0x10 .pio/build/cubecell_gps/libFrameworkArduino.a(SPI_1_SPI_UART.c.o)
                0x0000000000007a2c                SPI_1_SpiUartGetRxBufferSize
 .text.SPI_1_SpiUartWriteTxData
                0x0000000000007a3c       0x1c .pio/build/cubecell_gps/libFrameworkArduino.a(SPI_1_SPI_UART.c.o)
                0x0000000000007a3c                SPI_1_SpiUartWriteTxData
 .text.SPI_1_SpiUartGetTxBufferSize
                0x0000000000007a58       0x10 .pio/build/cubecell_gps/libFrameworkArduino.a(SPI_1_SPI_UART.c.o)
                0x0000000000007a58                SPI_1_SpiUartGetTxBufferSize
 .text.UART_1_SpiUartReadRxData
                0x0000000000007a68        0xc .pio/build/cubecell_gps/libFrameworkArduino.a(UART_1_SPI_UART.c.o)
                0x0000000000007a68                UART_1_SpiUartReadRxData
 .text.UART_1_SpiUartGetRxBufferSize
                0x0000000000007a74       0x10 .pio/build/cubecell_gps/libFrameworkArduino.a(UART_1_SPI_UART.c.o)
                0x0000000000007a74                UART_1_SpiUartGetRxBufferSize
 .text.UART_1_SpiUartClearRxBuffer
                0x0000000000007a84       0x20 .pio/build/cubecell_gps/libFrameworkArduino.a(UART_1_SPI_UART.c.o)
                0x0000000000007a84                UART_1_SpiUartClearRxBuffer
 .text.UART_1_SpiUartWriteTxData
                0x0000000000007aa4       0x1c .pio/build/cubecell_gps/libFrameworkArduino.a(UART_1_SPI_UART.c.o)
                0x0000000000007aa4                UART_1_SpiUartWriteTxData
 .text.UART_1_SpiUartGetTxBufferSize
                0x0000000000007ac0       0x10 .pio/build/cubecell_gps/libFrameworkArduino.a(UART_1_SPI_UART.c.o)
                0x0000000000007ac0                UART_1_SpiUartGetTxBufferSize
 .text.UART_1_SpiUartClearTxBuffer
                0x0000000000007ad0       0x20 .pio/build/cubecell_gps/libFrameworkArduino.a(UART_1_SPI_UART.c.o)
                0x0000000000007ad0                UART_1_SpiUartClearTxBuffer
 .text.UART_1_UART_WAKEUP_ISR
                0x0000000000007af0        0x8 .pio/build/cubecell_gps/libFrameworkArduino.a(UART_1_UART.c.o)
                0x0000000000007af0                UART_1_UART_WAKEUP_ISR
 .text.UART_1_UartInit
                0x0000000000007af8       0xdc .pio/build/cubecell_gps/libFrameworkArduino.a(UART_1_UART.c.o)
                0x0000000000007af8                UART_1_UartInit
 .text.UART_1_UartPostEnable
                0x0000000000007bd4       0x28 .pio/build/cubecell_gps/libFrameworkArduino.a(UART_1_UART.c.o)
                0x0000000000007bd4                UART_1_UartPostEnable
 .text.UART_1_UartStop
                0x0000000000007bfc       0x38 .pio/build/cubecell_gps/libFrameworkArduino.a(UART_1_UART.c.o)
                0x0000000000007bfc                UART_1_UartStop
 .text.UART_1_UartGetByte
                0x0000000000007c34       0x34 .pio/build/cubecell_gps/libFrameworkArduino.a(UART_1_UART.c.o)
                0x0000000000007c34                UART_1_UartGetByte
 .text.UART_1_UartSaveConfig
                0x0000000000007c68       0x3c .pio/build/cubecell_gps/libFrameworkArduino.a(UART_1_UART.c.o)
                0x0000000000007c68                UART_1_UartSaveConfig
 .text.UART_1_UartRestoreConfig
                0x0000000000007ca4        0xa .pio/build/cubecell_gps/libFrameworkArduino.a(UART_1_UART.c.o)
                0x0000000000007ca4                UART_1_UartRestoreConfig
 *fill*         0x0000000000007cae        0x2 
 .text.UART_1_rx_wake_ClearInterrupt
                0x0000000000007cb0       0x10 .pio/build/cubecell_gps/libFrameworkArduino.a(UART_1_rx_wake.c.o)
                0x0000000000007cb0                UART_1_rx_wake_ClearInterrupt
 .text.UART_2_SpiUartReadRxData
                0x0000000000007cc0        0xc .pio/build/cubecell_gps/libFrameworkArduino.a(UART_2_SPI_UART.c.o)
                0x0000000000007cc0                UART_2_SpiUartReadRxData
 .text.UART_2_SpiUartGetRxBufferSize
                0x0000000000007ccc       0x10 .pio/build/cubecell_gps/libFrameworkArduino.a(UART_2_SPI_UART.c.o)
                0x0000000000007ccc                UART_2_SpiUartGetRxBufferSize
 .text.UART_2_SpiUartClearRxBuffer
                0x0000000000007cdc       0x20 .pio/build/cubecell_gps/libFrameworkArduino.a(UART_2_SPI_UART.c.o)
                0x0000000000007cdc                UART_2_SpiUartClearRxBuffer
 .text.UART_2_SpiUartWriteTxData
                0x0000000000007cfc       0x1c .pio/build/cubecell_gps/libFrameworkArduino.a(UART_2_SPI_UART.c.o)
                0x0000000000007cfc                UART_2_SpiUartWriteTxData
 .text.UART_2_SpiUartClearTxBuffer
                0x0000000000007d18       0x20 .pio/build/cubecell_gps/libFrameworkArduino.a(UART_2_SPI_UART.c.o)
                0x0000000000007d18                UART_2_SpiUartClearTxBuffer
 .text.UART_2_UartInit
                0x0000000000007d38       0xc0 .pio/build/cubecell_gps/libFrameworkArduino.a(UART_2_UART.c.o)
                0x0000000000007d38                UART_2_UartInit
 .text.UART_2_UartPostEnable
                0x0000000000007df8       0x14 .pio/build/cubecell_gps/libFrameworkArduino.a(UART_2_UART.c.o)
                0x0000000000007df8                UART_2_UartPostEnable
 .text.UART_2_UartStop
                0x0000000000007e0c       0x18 .pio/build/cubecell_gps/libFrameworkArduino.a(UART_2_UART.c.o)
                0x0000000000007e0c                UART_2_UartStop
 .text.UART_2_UartGetByte
                0x0000000000007e24       0x34 .pio/build/cubecell_gps/libFrameworkArduino.a(UART_2_UART.c.o)
                0x0000000000007e24                UART_2_UartGetByte
 .text.GpioMcuSetInterrupt
                0x0000000000007e58        0xe .pio/build/cubecell_gps/libFrameworkArduino.a(gpio-board.c.o)
                0x0000000000007e58                GpioMcuSetInterrupt
 .text.GpioMcuWrite
                0x0000000000007e66       0x14 .pio/build/cubecell_gps/libFrameworkArduino.a(gpio-board.c.o)
                0x0000000000007e66                GpioMcuWrite
 .text.GpioMcuInit
                0x0000000000007e7a       0x1e .pio/build/cubecell_gps/libFrameworkArduino.a(gpio-board.c.o)
                0x0000000000007e7a                GpioMcuInit
 .text.GpioMcuRead
                0x0000000000007e98       0x14 .pio/build/cubecell_gps/libFrameworkArduino.a(gpio-board.c.o)
                0x0000000000007e98                GpioMcuRead
 .text.I2C_1_I2CInit
                0x0000000000007eac       0xb8 .pio/build/cubecell_gps/libFrameworkArduino.a(I2C_1_I2C.c.o)
                0x0000000000007eac                I2C_1_I2CInit
 .text.I2C_1_I2CStop
                0x0000000000007f64       0x20 .pio/build/cubecell_gps/libFrameworkArduino.a(I2C_1_I2C.c.o)
                0x0000000000007f64                I2C_1_I2CStop
 .text.I2C_1_I2CFwBlockReset
                0x0000000000007f84       0x5c .pio/build/cubecell_gps/libFrameworkArduino.a(I2C_1_I2C.c.o)
                0x0000000000007f84                I2C_1_I2CFwBlockReset
 .text.I2C_1_I2C_ISR
                0x0000000000007fe0      0x30c .pio/build/cubecell_gps/libFrameworkArduino.a(I2C_1_I2C_INT.c.o)
                0x0000000000007fe0                I2C_1_I2C_ISR
 .text.I2C_I2CInit
                0x00000000000082ec       0xb8 .pio/build/cubecell_gps/libFrameworkArduino.a(I2C_I2C.c.o)
                0x00000000000082ec                I2C_I2CInit
 .text.I2C_I2CStop
                0x00000000000083a4       0x20 .pio/build/cubecell_gps/libFrameworkArduino.a(I2C_I2C.c.o)
                0x00000000000083a4                I2C_I2CStop
 .text.I2C_I2CFwBlockReset
                0x00000000000083c4       0x5c .pio/build/cubecell_gps/libFrameworkArduino.a(I2C_I2C.c.o)
                0x00000000000083c4                I2C_I2CFwBlockReset
 .text.I2C_I2C_ISR
                0x0000000000008420      0x2f8 .pio/build/cubecell_gps/libFrameworkArduino.a(I2C_I2C_INT.c.o)
                0x0000000000008420                I2C_I2C_ISR
 .text.UART_1_SPI_UART_ISR
                0x0000000000008718       0x14 .pio/build/cubecell_gps/libFrameworkArduino.a(UART_1_SPI_UART_INT.c.o)
                0x0000000000008718                UART_1_SPI_UART_ISR
 .text.UART_2_SPI_UART_ISR
                0x000000000000872c       0x14 .pio/build/cubecell_gps/libFrameworkArduino.a(UART_2_SPI_UART_INT.c.o)
                0x000000000000872c                UART_2_SPI_UART_ISR
 .text.__aeabi_atexit
                0x0000000000008740        0xe /Users/jonaskelley/.platformio/packages/toolchain-gccarmnoneeabi/bin/../lib/gcc/arm-none-eabi/9.2.1/../../../../arm-none-eabi/lib/thumb/v6-m/nofp/libstdc++_nano.a(atexit_arm.o)
                0x0000000000008740                __aeabi_atexit
 .text._ZdlPvj  0x000000000000874e        0x8 /Users/jonaskelley/.platformio/packages/toolchain-gccarmnoneeabi/bin/../lib/gcc/arm-none-eabi/9.2.1/../../../../arm-none-eabi/lib/thumb/v6-m/nofp/libstdc++_nano.a(del_ops.o)
                0x000000000000874e                operator delete(void*, unsigned int)
 .text._ZdaPv   0x0000000000008756        0x8 /Users/jonaskelley/.platformio/packages/toolchain-gccarmnoneeabi/bin/../lib/gcc/arm-none-eabi/9.2.1/../../../../arm-none-eabi/lib/thumb/v6-m/nofp/libstdc++_nano.a(del_opv.o)
                0x0000000000008756                operator delete[](void*)
 .text._Znaj    0x000000000000875e        0x8 /Users/jonaskelley/.platformio/packages/toolchain-gccarmnoneeabi/bin/../lib/gcc/arm-none-eabi/9.2.1/../../../../arm-none-eabi/lib/thumb/v6-m/nofp/libstdc++_nano.a(new_opv.o)
                0x000000000000875e                operator new[](unsigned int)
 .text.__cxa_pure_virtual
                0x0000000000008766        0x6 /Users/jonaskelley/.platformio/packages/toolchain-gccarmnoneeabi/bin/../lib/gcc/arm-none-eabi/9.2.1/../../../../arm-none-eabi/lib/thumb/v6-m/nofp/libstdc++_nano.a(pure.o)
                0x0000000000008766                __cxa_pure_virtual
 .text._ZdlPv   0x000000000000876c        0x8 /Users/jonaskelley/.platformio/packages/toolchain-gccarmnoneeabi/bin/../lib/gcc/arm-none-eabi/9.2.1/../../../../arm-none-eabi/lib/thumb/v6-m/nofp/libstdc++_nano.a(del_op.o)
                0x000000000000876c                operator delete(void*)
 .text._ZN10__cxxabiv111__terminateEPFvvE
                0x0000000000008774        0x8 /Users/jonaskelley/.platformio/packages/toolchain-gccarmnoneeabi/bin/../lib/gcc/arm-none-eabi/9.2.1/../../../../arm-none-eabi/lib/thumb/v6-m/nofp/libstdc++_nano.a(eh_terminate.o)
                0x0000000000008774                __cxxabiv1::__terminate(void (*)())
 .text._ZSt9terminatev
                0x000000000000877c       0x10 /Users/jonaskelley/.platformio/packages/toolchain-gccarmnoneeabi/bin/../lib/gcc/arm-none-eabi/9.2.1/../../../../arm-none-eabi/lib/thumb/v6-m/nofp/libstdc++_nano.a(eh_terminate.o)
                0x000000000000877c                std::terminate()
 .text._Znwj    0x000000000000878c       0x24 /Users/jonaskelley/.platformio/packages/toolchain-gccarmnoneeabi/bin/../lib/gcc/arm-none-eabi/9.2.1/../../../../arm-none-eabi/lib/thumb/v6-m/nofp/libstdc++_nano.a(new_op.o)
                0x000000000000878c                operator new(unsigned int)
 .text._ZSt15get_new_handlerv
                0x00000000000087b0        0xc /Users/jonaskelley/.platformio/packages/toolchain-gccarmnoneeabi/bin/../lib/gcc/arm-none-eabi/9.2.1/../../../../arm-none-eabi/lib/thumb/v6-m/nofp/libstdc++_nano.a(new_handler.o)
                0x00000000000087b0                std::get_new_handler()
 .text.TimeStampsUpdate
                0x00000000000087bc       0x38 /Users/jonaskelley/.platformio/packages/framework-arduinoasrmicro650x/cores/asr650x/projects/CubeCellLib.a(timeServer.o)
 .text.TimerSetTimeout
                0x00000000000087f4       0x10 /Users/jonaskelley/.platformio/packages/framework-arduinoasrmicro650x/cores/asr650x/projects/CubeCellLib.a(timeServer.o)
 .text.TimerInsertNewHeadTimer
                0x0000000000008804       0x1c /Users/jonaskelley/.platformio/packages/framework-arduinoasrmicro650x/cores/asr650x/projects/CubeCellLib.a(timeServer.o)
 .text.TimerInit
                0x0000000000008820        0xe /Users/jonaskelley/.platformio/packages/framework-arduinoasrmicro650x/cores/asr650x/projects/CubeCellLib.a(timeServer.o)
                0x0000000000008820                TimerInit
 *fill*         0x000000000000882e        0x2 
 .text.TimerStart
                0x0000000000008830       0x88 /Users/jonaskelley/.platformio/packages/framework-arduinoasrmicro650x/cores/asr650x/projects/CubeCellLib.a(timeServer.o)
                0x0000000000008830                TimerStart
 .text.TimerIrqHandler
                0x00000000000088b8       0x70 /Users/jonaskelley/.platformio/packages/framework-arduinoasrmicro650x/cores/asr650x/projects/CubeCellLib.a(timeServer.o)
                0x00000000000088b8                TimerIrqHandler
 .text.TimerStop
                0x0000000000008928       0x68 /Users/jonaskelley/.platformio/packages/framework-arduinoasrmicro650x/cores/asr650x/projects/CubeCellLib.a(timeServer.o)
                0x0000000000008928                TimerStop
 .text.TimerSetValue
                0x0000000000008990       0x1c /Users/jonaskelley/.platformio/packages/framework-arduinoasrmicro650x/cores/asr650x/projects/CubeCellLib.a(timeServer.o)
                0x0000000000008990                TimerSetValue
 .text.TimerGetCurrentTime
                0x00000000000089ac       0x10 /Users/jonaskelley/.platformio/packages/framework-arduinoasrmicro650x/cores/asr650x/projects/CubeCellLib.a(timeServer.o)
                0x00000000000089ac                TimerGetCurrentTime
 .text.TimerGetElapsedTime
                0x00000000000089bc       0x10 /Users/jonaskelley/.platformio/packages/framework-arduinoasrmicro650x/cores/asr650x/projects/CubeCellLib.a(timeServer.o)
                0x00000000000089bc                TimerGetElapsedTime
 .text.get_timer_context
                0x00000000000089cc        0xc /Users/jonaskelley/.platformio/packages/framework-arduinoasrmicro650x/cores/asr650x/projects/CubeCellLib.a(lorawan_port.o)
 .text.set_timer_val
                0x00000000000089d8        0xc /Users/jonaskelley/.platformio/packages/framework-arduinoasrmicro650x/cores/asr650x/projects/CubeCellLib.a(lorawan_port.o)
 .text.radio_rw_dis
                0x00000000000089e4        0x2 /Users/jonaskelley/.platformio/packages/framework-arduinoasrmicro650x/cores/asr650x/projects/CubeCellLib.a(lorawan_port.o)
 .text.radio_rw
                0x00000000000089e6        0x4 /Users/jonaskelley/.platformio/packages/framework-arduinoasrmicro650x/cores/asr650x/projects/CubeCellLib.a(lorawan_port.o)
 *fill*         0x00000000000089ea        0x2 
 .text.RTC_Update_ASR
                0x00000000000089ec       0x28 /Users/jonaskelley/.platformio/packages/framework-arduinoasrmicro650x/cores/asr650x/projects/CubeCellLib.a(lorawan_port.o)
                0x00000000000089ec                RTC_Update_ASR
 .text.get_current_time
                0x0000000000008a14       0x54 /Users/jonaskelley/.platformio/packages/framework-arduinoasrmicro650x/cores/asr650x/projects/CubeCellLib.a(lorawan_port.o)
                0x0000000000008a14                get_current_time
 .text.get_sys_time
                0x0000000000008a68       0x28 /Users/jonaskelley/.platformio/packages/framework-arduinoasrmicro650x/cores/asr650x/projects/CubeCellLib.a(lorawan_port.o)
                0x0000000000008a68                get_sys_time
 .text.set_sys_time
                0x0000000000008a90       0x44 /Users/jonaskelley/.platformio/packages/framework-arduinoasrmicro650x/cores/asr650x/projects/CubeCellLib.a(lorawan_port.o)